Archive member included to satisfy reference by file (symbol)

C:/ST/STM32CubeIDE_1.19.0/STM32CubeIDE/plugins/com.st.stm32cube.ide.mcu.externaltools.gnu-tools-for-stm32.13.3.rel1.win32_1.0.0.202411081344/tools/bin/../lib/gcc/arm-none-eabi/13.3.1/../../../../arm-none-eabi/lib/thumb/v7e-m+fp/hard\libc_nano.a(libc_a-exit.o)
                              C:/ST/STM32CubeIDE_1.19.0/STM32CubeIDE/plugins/com.st.stm32cube.ide.mcu.externaltools.gnu-tools-for-stm32.13.3.rel1.win32_1.0.0.202411081344/tools/bin/../lib/gcc/arm-none-eabi/13.3.1/../../../../arm-none-eabi/lib/thumb/v7e-m+fp/hard/crt0.o (exit)
C:/ST/STM32CubeIDE_1.19.0/STM32CubeIDE/plugins/com.st.stm32cube.ide.mcu.externaltools.gnu-tools-for-stm32.13.3.rel1.win32_1.0.0.202411081344/tools/bin/../lib/gcc/arm-none-eabi/13.3.1/../../../../arm-none-eabi/lib/thumb/v7e-m+fp/hard\libc_nano.a(libc_a-findfp.o)
                              C:/ST/STM32CubeIDE_1.19.0/STM32CubeIDE/plugins/com.st.stm32cube.ide.mcu.externaltools.gnu-tools-for-stm32.13.3.rel1.win32_1.0.0.202411081344/tools/bin/../lib/gcc/arm-none-eabi/13.3.1/../../../../arm-none-eabi/lib/thumb/v7e-m+fp/hard\libc_nano.a(libc_a-exit.o) (__stdio_exit_handler)
C:/ST/STM32CubeIDE_1.19.0/STM32CubeIDE/plugins/com.st.stm32cube.ide.mcu.externaltools.gnu-tools-for-stm32.13.3.rel1.win32_1.0.0.202411081344/tools/bin/../lib/gcc/arm-none-eabi/13.3.1/../../../../arm-none-eabi/lib/thumb/v7e-m+fp/hard\libc_nano.a(libc_a-fwalk.o)
                              C:/ST/STM32CubeIDE_1.19.0/STM32CubeIDE/plugins/com.st.stm32cube.ide.mcu.externaltools.gnu-tools-for-stm32.13.3.rel1.win32_1.0.0.202411081344/tools/bin/../lib/gcc/arm-none-eabi/13.3.1/../../../../arm-none-eabi/lib/thumb/v7e-m+fp/hard\libc_nano.a(libc_a-findfp.o) (_fwalk_sglue)
C:/ST/STM32CubeIDE_1.19.0/STM32CubeIDE/plugins/com.st.stm32cube.ide.mcu.externaltools.gnu-tools-for-stm32.13.3.rel1.win32_1.0.0.202411081344/tools/bin/../lib/gcc/arm-none-eabi/13.3.1/../../../../arm-none-eabi/lib/thumb/v7e-m+fp/hard\libc_nano.a(libc_a-stdio.o)
                              C:/ST/STM32CubeIDE_1.19.0/STM32CubeIDE/plugins/com.st.stm32cube.ide.mcu.externaltools.gnu-tools-for-stm32.13.3.rel1.win32_1.0.0.202411081344/tools/bin/../lib/gcc/arm-none-eabi/13.3.1/../../../../arm-none-eabi/lib/thumb/v7e-m+fp/hard\libc_nano.a(libc_a-findfp.o) (__sread)
C:/ST/STM32CubeIDE_1.19.0/STM32CubeIDE/plugins/com.st.stm32cube.ide.mcu.externaltools.gnu-tools-for-stm32.13.3.rel1.win32_1.0.0.202411081344/tools/bin/../lib/gcc/arm-none-eabi/13.3.1/../../../../arm-none-eabi/lib/thumb/v7e-m+fp/hard\libc_nano.a(libc_a-memset.o)
                              C:/ST/STM32CubeIDE_1.19.0/STM32CubeIDE/plugins/com.st.stm32cube.ide.mcu.externaltools.gnu-tools-for-stm32.13.3.rel1.win32_1.0.0.202411081344/tools/bin/../lib/gcc/arm-none-eabi/13.3.1/../../../../arm-none-eabi/lib/thumb/v7e-m+fp/hard/crt0.o (memset)
C:/ST/STM32CubeIDE_1.19.0/STM32CubeIDE/plugins/com.st.stm32cube.ide.mcu.externaltools.gnu-tools-for-stm32.13.3.rel1.win32_1.0.0.202411081344/tools/bin/../lib/gcc/arm-none-eabi/13.3.1/../../../../arm-none-eabi/lib/thumb/v7e-m+fp/hard\libc_nano.a(libc_a-closer.o)
                              C:/ST/STM32CubeIDE_1.19.0/STM32CubeIDE/plugins/com.st.stm32cube.ide.mcu.externaltools.gnu-tools-for-stm32.13.3.rel1.win32_1.0.0.202411081344/tools/bin/../lib/gcc/arm-none-eabi/13.3.1/../../../../arm-none-eabi/lib/thumb/v7e-m+fp/hard\libc_nano.a(libc_a-stdio.o) (_close_r)
C:/ST/STM32CubeIDE_1.19.0/STM32CubeIDE/plugins/com.st.stm32cube.ide.mcu.externaltools.gnu-tools-for-stm32.13.3.rel1.win32_1.0.0.202411081344/tools/bin/../lib/gcc/arm-none-eabi/13.3.1/../../../../arm-none-eabi/lib/thumb/v7e-m+fp/hard\libc_nano.a(libc_a-reent.o)
                              C:/ST/STM32CubeIDE_1.19.0/STM32CubeIDE/plugins/com.st.stm32cube.ide.mcu.externaltools.gnu-tools-for-stm32.13.3.rel1.win32_1.0.0.202411081344/tools/bin/../lib/gcc/arm-none-eabi/13.3.1/../../../../arm-none-eabi/lib/thumb/v7e-m+fp/hard\libc_nano.a(libc_a-closer.o) (errno)
C:/ST/STM32CubeIDE_1.19.0/STM32CubeIDE/plugins/com.st.stm32cube.ide.mcu.externaltools.gnu-tools-for-stm32.13.3.rel1.win32_1.0.0.202411081344/tools/bin/../lib/gcc/arm-none-eabi/13.3.1/../../../../arm-none-eabi/lib/thumb/v7e-m+fp/hard\libc_nano.a(libc_a-impure.o)
                              C:/ST/STM32CubeIDE_1.19.0/STM32CubeIDE/plugins/com.st.stm32cube.ide.mcu.externaltools.gnu-tools-for-stm32.13.3.rel1.win32_1.0.0.202411081344/tools/bin/../lib/gcc/arm-none-eabi/13.3.1/../../../../arm-none-eabi/lib/thumb/v7e-m+fp/hard\libc_nano.a(libc_a-reent.o) (_impure_ptr)
C:/ST/STM32CubeIDE_1.19.0/STM32CubeIDE/plugins/com.st.stm32cube.ide.mcu.externaltools.gnu-tools-for-stm32.13.3.rel1.win32_1.0.0.202411081344/tools/bin/../lib/gcc/arm-none-eabi/13.3.1/../../../../arm-none-eabi/lib/thumb/v7e-m+fp/hard\libc_nano.a(libc_a-lseekr.o)
[...]
Memory Configuration

Name             Origin             Length             Attributes
CCMRAM           0x10000000         0x00010000         xrw
RAM              0x20000000         0x00020000         xrw
FLASH            0x08000000         0x00100000         xr
*default*        0x00000000         0xffffffff

Linker script and memory map

LOAD C:/ST/STM32CubeIDE_1.19.0/STM32CubeIDE/plugins/com.st.stm32cube.ide.mcu.externaltools.gnu-tools-for-stm32.13.3.rel1.win32_1.0.0.202411081344/tools/bin/../lib/gcc/arm-none-eabi/13.3.1/thumb/v7e-m+fp/hard/crti.o
LOAD C:/ST/STM32CubeIDE_1.19.0/STM32CubeIDE/plugins/com.st.stm32cube.ide.mcu.externaltools.gnu-tools-for-stm32.13.3.rel1.win32_1.0.0.202411081344/tools/bin/../lib/gcc/arm-none-eabi/13.3.1/thumb/v7e-m+fp/hard/crtbegin.o
LOAD C:/ST/STM32CubeIDE_1.19.0/STM32CubeIDE/plugins/com.st.stm32cube.ide.mcu.externaltools.gnu-tools-for-stm32.13.3.rel1.win32_1.0.0.202411081344/tools/bin/../lib/gcc/arm-none-eabi/13.3.1/../../../../arm-none-eabi/lib/thumb/v7e-m+fp/hard/crt0.o
LOAD ./Core/Src/cs43l22.o
LOAD ./Core/Src/main.o
LOAD ./Core/Src/stm32f4xx_hal_msp.o
LOAD ./Core/Src/stm32f4xx_it.o
LOAD ./Core/Src/syscalls.o
LOAD ./Core/Src/sysmem.o
LOAD ./Core/Src/system_stm32f4xx.o
LOAD ./Core/Startup/startup_stm32f407vgtx.o
LOAD ./Drivers/STM32F4xx_HAL_Driver/stm32f4xx_hal.o
LOAD ./Drivers/STM32F4xx_HAL_Driver/stm32f4xx_hal_cortex.o
LOAD ./Drivers/STM32F4xx_HAL_Driver/stm32f4xx_hal_dma.o
LOAD ./Drivers/STM32F4xx_HAL_Driver/stm32f4xx_hal_dma_ex.o
LOAD ./Drivers/STM32F4xx_HAL_Driver/stm32f4xx_hal_exti.o
LOAD ./Drivers/STM32F4xx_HAL_Driver/stm32f4xx_hal_flash.o
LOAD ./Drivers/STM32F4xx_HAL_Driver/stm32f4xx_hal_flash_ex.o
LOAD ./Drivers/STM32F4xx_HAL_Driver/stm32f4xx_hal_flash_ramfunc.o
LOAD ./Drivers/STM32F4xx_HAL_Driver/stm32f4xx_hal_gpio.o
LOAD ./Drivers/STM32F4xx_HAL_Driver/stm32f4xx_hal_i2c.o
LOAD ./Drivers/STM32F4xx_HAL_Driver/stm32f4xx_hal_i2c_ex.o
LOAD ./Drivers/STM32F4xx_HAL_Driver/stm32f4xx_hal_i2s.o
LOAD ./Drivers/STM32F4xx_HAL_Driver/stm32f4xx_hal_i2s_ex.o
LOAD ./Drivers/STM32F4xx_HAL_Driver/stm32f4xx_hal_pwr.o
LOAD ./Drivers/STM32F4xx_HAL_Driver/stm32f4xx_hal_pwr_ex.o
LOAD ./Drivers/STM32F4xx_HAL_Driver/stm32f4xx_hal_rcc.o
LOAD ./Drivers/STM32F4xx_HAL_Driver/stm32f4xx_hal_rcc_ex.o
START GROUP
LOAD C:/ST/STM32CubeIDE_1.19.0/STM32CubeIDE/plugins/com.st.stm32cube.ide.mcu.externaltools.gnu-tools-for-stm32.13.3.rel1.win32_1.0.0.202411081344/tools/bin/../lib/gcc/arm-none-eabi/13.3.1/../../../../arm-none-eabi/lib/thumb/v7e-m+fp/hard\libc_nano.a
LOAD C:/ST/STM32CubeIDE_1.19.0/STM32CubeIDE/plugins/com.st.stm32cube.ide.mcu.externaltools.gnu-tools-for-stm32.13.3.rel1.win32_1.0.0.202411081344/tools/bin/../lib/gcc/arm-none-eabi/13.3.1/../../../../arm-none-eabi/lib/thumb/v7e-m+fp/hard\libm.a
END GROUP
START GROUP
LOAD C:/ST/STM32CubeIDE_1.19.0/STM32CubeIDE/plugins/com.st.stm32cube.ide.mcu.externaltools.gnu-tools-for-stm32.13.3.rel1.win32_1.0.0.202411081344/tools/bin/../lib/gcc/arm-none-eabi/13.3.1/thumb/v7e-m+fp/hard\libgcc.a
LOAD C:/ST/STM32CubeIDE_1.19.0/STM32CubeIDE/plugins/com.st.stm32cube.ide.mcu.externaltools.gnu-tools-for-stm32.13.3.rel1.win32_1.0.0.202411081344/tools/bin/../lib/gcc/arm-none-eabi/13.3.1/../../../../arm-none-eabi/lib/thumb/v7e-m+fp/hard\libc_nano.a
END GROUP
START GROUP
LOAD C:/ST/STM32CubeIDE_1.19.0/STM32CubeIDE/plugins/com.st.stm32cube.ide.mcu.externaltools.gnu-tools-for-stm32.13.3.rel1.win32_1.0.0.202411081344/tools/bin/../lib/gcc/arm-none-eabi/13.3.1/thumb/v7e-m+fp/hard\libgcc.a
LOAD C:/ST/STM32CubeIDE_1.19.0/STM32CubeIDE/plugins/com.st.stm32cube.ide.mcu.externaltools.gnu-tools-for-stm32.13.3.rel1.win32_1.0.0.202411081344/tools/bin/../lib/gcc/arm-none-eabi/13.3.1/../../../../arm-none-eabi/lib/thumb/v7e-m+fp/hard\libc_nano.a
LOAD C:/ST/STM32CubeIDE_1.19.0/STM32CubeIDE/plugins/com.st.stm32cube.ide.mcu.externaltools.gnu-tools-for-stm32.13.3.rel1.win32_1.0.0.202411081344/tools/bin/../lib/gcc/arm-none-eabi/13.3.1/../../../../arm-none-eabi/lib/thumb/v7e-m+fp/hard\libnosys.a
END GROUP
START GROUP
LOAD C:/ST/STM32CubeIDE_1.19.0/STM32CubeIDE/plugins/com.st.stm32cube.ide.mcu.externaltools.gnu-tools-for-stm32.13.3.rel1.win32_1.0.0.202411081344/tools/bin/../lib/gcc/arm-none-eabi/13.3.1/thumb/v7e-m+fp/hard\libgcc.a
LOAD C:/ST/STM32CubeIDE_1.19.0/STM32CubeIDE/plugins/com.st.stm32cube.ide.mcu.externaltools.gnu-tools-for-stm32.13.3.rel1.win32_1.0.0.202411081344/tools/bin/../lib/gcc/arm-none-eabi/13.3.1/../../../../arm-none-eabi/lib/thumb/v7e-m+fp/hard\libc_nano.a
LOAD C:/ST/STM32CubeIDE_1.19.0/STM32CubeIDE/plugins/com.st.stm32cube.ide.mcu.externaltools.gnu-tools-for-stm32.13.3.rel1.win32_1.0.0.202411081344/tools/bin/../lib/gcc/arm-none-eabi/13.3.1/../../../../arm-none-eabi/lib/thumb/v7e-m+fp/hard\libnosys.a
END GROUP
LOAD C:/ST/STM32CubeIDE_1.19.0/STM32CubeIDE/plugins/com.st.stm32cube.ide.mcu.externaltools.gnu-tools-for-stm32.13.3.rel1.win32_1.0.0.202411081344/tools/bin/../lib/gcc/arm-none-eabi/13.3.1/thumb/v7e-m+fp/hard/crtend.o
LOAD C:/ST/STM32CubeIDE_1.19.0/STM32CubeIDE/plugins/com.st.stm32cube.ide.mcu.externaltools.gnu-tools-for-stm32.13.3.rel1.win32_1.0.0.202411081344/tools/bin/../lib/gcc/arm-none-eabi/13.3.1/thumb/v7e-m+fp/hard/crtn.o
                0x20020000                        _estack = (ORIGIN (RAM) + LENGTH (RAM))
                0x00000200                        _Min_Heap_Size = 0x200
                0x00000400                        _Min_Stack_Size = 0x400

.isr_vector     0x08000000      0x188
                0x08000000                        . = ALIGN (0x4)
 *(.isr_vector)
 .isr_vector    0x08000000      0x188 ./Core/Startup/startup_stm32f407vgtx.o
                0x08000000                g_pfnVectors
                0x08000188                        . = ALIGN (0x4)

.text           0x08000188     0x56b0
                0x08000188                        . = ALIGN (0x4)
 *(.text)
 .text          0x08000188       0x40 C:/ST/STM32CubeIDE_1.19.0/STM32CubeIDE/plugins/com.st.stm32cube.ide.mcu.externaltools.gnu-tools-for-stm32.13.3.rel1.win32_1.0.0.202411081344/tools/bin/../lib/gcc/arm-none-eabi/13.3.1/thumb/v7e-m+fp/hard/crtbegin.o
 .text          0x080001c8      0x378 C:/ST/STM32CubeIDE_1.19.0/STM32CubeIDE/plugins/com.st.stm32cube.ide.mcu.externaltools.gnu-tools-for-stm32.13.3.rel1.win32_1.0.0.202411081344/tools/bin/../lib/gcc/arm-none-eabi/13.3.1/thumb/v7e-m+fp/hard\libgcc.a(_arm_addsubdf3.o)
                0x080001c8                __aeabi_drsub
                0x080001d0                __aeabi_dsub
                0x080001d0                __subdf3
                0x080001d4                __aeabi_dadd
                0x080001d4                __adddf3
                0x0800044c                __floatunsidf
                0x0800044c                __aeabi_ui2d
                0x0800046c                __floatsidf
                0x0800046c                __aeabi_i2d
                0x08000490                __aeabi_f2d
                0x08000490                __extendsfdf2
                0x080004d4                __floatundidf
                0x080004d4                __aeabi_ul2d
                0x080004e4                __floatdidf
                0x080004e4                __aeabi_l2d
 .text          0x08000540      0x424 C:/ST/STM32CubeIDE_1.19.0/STM32CubeIDE/plugins/com.st.stm32cube.ide.mcu.externaltools.gnu-tools-for-stm32.13.3.rel1.win32_1.0.0.202411081344/tools/bin/../lib/gcc/arm-none-eabi/13.3.1/thumb/v7e-m+fp/hard\libgcc.a(_arm_muldivdf3.o)
                0x08000540                __aeabi_dmul
                0x08000540                __muldf3
                0x08000794                __divdf3
                0x08000794                __aeabi_ddiv
 .text          0x08000964      0x110 C:/ST/STM32CubeIDE_1.19.0/STM32CubeIDE/plugins/com.st.stm32cube.ide.mcu.externaltools.gnu-tools-for-stm32.13.3.rel1.win32_1.0.0.202411081344/tools/bin/../lib/gcc/arm-none-eabi/13.3.1/thumb/v7e-m+fp/hard\libgcc.a(_arm_cmpdf2.o)
                0x08000964                __gtdf2
                0x08000964                __gedf2
                0x0800096c                __ltdf2
                0x0800096c                __ledf2
                0x08000974                __nedf2
                0x08000974                __eqdf2
                0x08000974                __cmpdf2
                0x080009f0                __aeabi_cdrcmple
                0x08000a00                __aeabi_cdcmpeq
                0x08000a00                __aeabi_cdcmple
                0x08000a10                __aeabi_dcmpeq
                0x08000a24                __aeabi_dcmplt
                0x08000a38                __aeabi_dcmple
                0x08000a4c                __aeabi_dcmpge
                0x08000a60                __aeabi_dcmpgt
 .text          0x08000a74       0x50 C:/ST/STM32CubeIDE_1.19.0/STM32CubeIDE/plugins/com.st.stm32cube.ide.mcu.externaltools.gnu-tools-for-stm32.13.3.rel1.win32_1.0.0.202411081344/tools/bin/../lib/gcc/arm-none-eabi/13.3.1/thumb/v7e-m+fp/hard\libgcc.a(_arm_fixdfsi.o)
                0x08000a74                __aeabi_d2iz
                0x08000a74                __fixdfsi
 .text          0x08000ac4       0x40 C:/ST/STM32CubeIDE_1.19.0/STM32CubeIDE/plugins/com.st.stm32cube.ide.mcu.externaltools.gnu-tools-for-stm32.13.3.rel1.win32_1.0.0.202411081344/tools/bin/../lib/gcc/arm-none-eabi/13.3.1/thumb/v7e-m+fp/hard\libgcc.a(_arm_fixunsdfsi.o)
                0x08000ac4                __aeabi_d2uiz
                0x08000ac4                __fixunsdfsi
 .text          0x08000b04       0x30 C:/ST/STM32CubeIDE_1.19.0/STM32CubeIDE/plugins/com.st.stm32cube.ide.mcu.externaltools.gnu-tools-for-stm32.13.3.rel1.win32_1.0.0.202411081344/tools/bin/../lib/gcc/arm-none-eabi/13.3.1/thumb/v7e-m+fp/hard\libgcc.a(_aeabi_uldivmod.o)
                0x08000b04                __aeabi_uldivmod
 .text          0x08000b34      0x2f8 C:/ST/STM32CubeIDE_1.19.0/STM32CubeIDE/plugins/com.st.stm32cube.ide.mcu.externaltools.gnu-tools-for-stm32.13.3.rel1.win32_1.0.0.202411081344/tools/bin/../lib/gcc/arm-none-eabi/13.3.1/thumb/v7e-m+fp/hard\libgcc.a(_udivmoddi4.o)
                0x08000b34                __udivmoddi4
 .text          0x08000e2c        0x4 C:/ST/STM32CubeIDE_1.19.0/STM32CubeIDE/plugins/com.st.stm32cube.ide.mcu.externaltools.gnu-tools-for-stm32.13.3.rel1.win32_1.0.0.202411081344/tools/bin/../lib/gcc/arm-none-eabi/13.3.1/thumb/v7e-m+fp/hard\libgcc.a(_dvmd_tls.o)
                0x08000e2c                __aeabi_idiv0
                0x08000e2c                __aeabi_ldiv0
 *(.text*)
 .text.cs43l22_unmute
                0x08000e30       0x74 ./Core/Src/cs43l22.o
                0x08000e30                cs43l22_unmute
 .text.cs43l22_init
                0x08000ea4      0x168 ./Core/Src/cs43l22.o
                0x08000ea4                cs43l22_init
 .text.cs43l22_play
                0x0800100c       0x80 ./Core/Src/cs43l22.o
                0x0800100c                cs43l22_play
 .text.cs43l22_set_volume
                0x0800108c       0x6c ./Core/Src/cs43l22.o
                0x0800108c                cs43l22_set_volume
 .text.HAL_I2S_TxCpltCallback
                0x080010f8       0x20 ./Core/Src/cs43l22.o
                0x080010f8                HAL_I2S_TxCpltCallback
 .text.HAL_I2S_TxHalfCpltCallback
                0x08001118       0x20 ./Core/Src/cs43l22.o
                0x08001118                HAL_I2S_TxHalfCpltCallback
 .text.AUDIO_I2S_TxCpltCallback
                0x08001138        0xe ./Core/Src/cs43l22.o
                0x08001138                AUDIO_I2S_TxCpltCallback
 .text.AUDIO_I2S_TxHalfCpltCallback
                0x08001146        0xe ./Core/Src/cs43l22.o
                0x08001146                AUDIO_I2S_TxHalfCpltCallback
 .text.main     0x08001154       0x6c ./Core/Src/main.o
                0x08001154                main
 .text.SystemClock_Config
                0x080011c0       0xd4 ./Core/Src/main.o
                0x080011c0                SystemClock_Config
 .text.MX_I2C1_Init
                0x08001294       0x5c ./Core/Src/main.o
 .text.MX_I2S3_Init
                0x080012f0       0x5c ./Core/Src/main.o
 .text.MX_DMA_Init
                0x0800134c       0x40 ./Core/Src/main.o
 .text.MX_GPIO_Init
                0x0800138c       0xbc ./Core/Src/main.o
 .text.GenerateSineWaveTable
                0x08001448       0xc4 ./Core/Src/main.o
                0x08001448                GenerateSineWaveTable
 *fill*         0x0800150c        0x4 
 .text.FillDMABuffer
                0x08001510      0x140 ./Core/Src/main.o
                0x08001510                FillDMABuffer
 .text.Error_Handler
                0x08001650        0xc ./Core/Src/main.o
                0x08001650                Error_Handler
 .text.HAL_MspInit
                0x0800165c       0x50 ./Core/Src/stm32f4xx_hal_msp.o
                0x0800165c                HAL_MspInit
 .text.HAL_I2C_MspInit
                0x080016ac       0x90 ./Core/Src/stm32f4xx_hal_msp.o
                0x080016ac                HAL_I2C_MspInit
 .text.HAL_I2S_MspInit
                0x0800173c      0x18c ./Core/Src/stm32f4xx_hal_msp.o
                0x0800173c                HAL_I2S_MspInit
 .text.NMI_Handler
                0x080018c8        0x8 ./Core/Src/stm32f4xx_it.o
                0x080018c8                NMI_Handler
 .text.HardFault_Handler
                0x080018d0        0x8 ./Core/Src/stm32f4xx_it.o
                0x080018d0                HardFault_Handler
 .text.MemManage_Handler
                0x080018d8        0x8 ./Core/Src/stm32f4xx_it.o
                0x080018d8                MemManage_Handler
 .text.BusFault_Handler
                0x080018e0        0x8 ./Core/Src/stm32f4xx_it.o
                0x080018e0                BusFault_Handler
 .text.UsageFault_Handler
                0x080018e8        0x8 ./Core/Src/stm32f4xx_it.o
                0x080018e8                UsageFault_Handler
 .text.SVC_Handler
                0x080018f0        0xe ./Core/Src/stm32f4xx_it.o
                0x080018f0                SVC_Handler
 .text.DebugMon_Handler
                0x080018fe        0xe ./Core/Src/stm32f4xx_it.o
                0x080018fe                DebugMon_Handler
 .text.PendSV_Handler
                0x0800190c        0xe ./Core/Src/stm32f4xx_it.o
                0x0800190c                PendSV_Handler
 .text.SysTick_Handler
                0x0800191a        0xc ./Core/Src/stm32f4xx_it.o
                0x0800191a                SysTick_Handler
 *fill*         0x08001926        0x2 
 .text.DMA1_Stream5_IRQHandler
                0x08001928       0x14 ./Core/Src/stm32f4xx_it.o
                0x08001928                DMA1_Stream5_IRQHandler
 .text.SPI3_IRQHandler
                0x0800193c       0x14 ./Core/Src/stm32f4xx_it.o
                0x0800193c                SPI3_IRQHandler
 .text.SystemInit
                0x08001950       0x24 ./Core/Src/system_stm32f4xx.o
                0x08001950                SystemInit
 .text.Reset_Handler
                0x08001974       0x50 ./Core/Startup/startup_stm32f407vgtx.o
                0x08001974                Reset_Handler
 .text.Default_Handler
                0x080019c4        0x2 ./Core/Startup/startup_stm32f407vgtx.o
                0x080019c4                RTC_Alarm_IRQHandler
                0x080019c4                HASH_RNG_IRQHandler
                0x080019c4                EXTI2_IRQHandler
                0x080019c4                TIM8_CC_IRQHandler
                0x080019c4                TIM1_CC_IRQHandler
                0x080019c4                DMA2_Stream5_IRQHandler
                0x080019c4                PVD_IRQHandler
                0x080019c4                SDIO_IRQHandler
                0x080019c4                TAMP_STAMP_IRQHandler
                0x080019c4                CAN2_RX1_IRQHandler
                0x080019c4                EXTI3_IRQHandler
                0x080019c4                TIM8_TRG_COM_TIM14_IRQHandler
                0x080019c4                TIM1_UP_TIM10_IRQHandler
                0x080019c4                TIM8_UP_TIM13_IRQHandler
                0x080019c4                I2C3_ER_IRQHandler
                0x080019c4                EXTI0_IRQHandler
                0x080019c4                I2C2_EV_IRQHandler
                0x080019c4                DMA1_Stream2_IRQHandler
                0x080019c4                CAN1_RX0_IRQHandler
                0x080019c4                FPU_IRQHandler
                0x080019c4                OTG_HS_WKUP_IRQHandler
                0x080019c4                CAN2_SCE_IRQHandler
                0x080019c4                DMA2_Stream2_IRQHandler
                0x080019c4                SPI1_IRQHandler
                0x080019c4                TIM6_DAC_IRQHandler
                0x080019c4                TIM1_BRK_TIM9_IRQHandler
                0x080019c4                DCMI_IRQHandler
                0x080019c4                CAN2_RX0_IRQHandler
                0x080019c4                DMA2_Stream3_IRQHandler
                0x080019c4                USART6_IRQHandler
                0x080019c4                USART3_IRQHandler
                0x080019c4                CAN1_RX1_IRQHandler
                0x080019c4                UART5_IRQHandler
                0x080019c4                DMA2_Stream0_IRQHandler
                0x080019c4                TIM4_IRQHandler
                0x080019c4                I2C1_EV_IRQHandler
                0x080019c4                DMA1_Stream6_IRQHandler
                0x080019c4                DMA1_Stream1_IRQHandler
                0x080019c4                UART4_IRQHandler
                0x080019c4                TIM3_IRQHandler
                0x080019c4                RCC_IRQHandler
                0x080019c4                TIM8_BRK_TIM12_IRQHandler
                0x080019c4                Default_Handler
                0x080019c4                EXTI15_10_IRQHandler
                0x080019c4                ADC_IRQHandler
                0x080019c4                DMA1_Stream7_IRQHandler
                0x080019c4                TIM7_IRQHandler
                0x080019c4                CAN2_TX_IRQHandler
                0x080019c4                TIM5_IRQHandler
                0x080019c4                DMA2_Stream7_IRQHandler
                0x080019c4                I2C3_EV_IRQHandler
                0x080019c4                EXTI9_5_IRQHandler
                0x080019c4                RTC_WKUP_IRQHandler
                0x080019c4                ETH_WKUP_IRQHandler
                0x080019c4                SPI2_IRQHandler
                0x080019c4                OTG_HS_EP1_IN_IRQHandler
                0x080019c4                DMA1_Stream0_IRQHandler
                0x080019c4                CAN1_TX_IRQHandler
                0x080019c4                EXTI4_IRQHandler
                0x080019c4                FSMC_IRQHandler
                0x080019c4                ETH_IRQHandler
                0x080019c4                OTG_HS_EP1_OUT_IRQHandler
                0x080019c4                WWDG_IRQHandler
                0x080019c4                TIM2_IRQHandler
                0x080019c4                OTG_FS_WKUP_IRQHandler
                0x080019c4                TIM1_TRG_COM_TIM11_IRQHandler
                0x080019c4                OTG_HS_IRQHandler
                0x080019c4                EXTI1_IRQHandler
                0x080019c4                USART2_IRQHandler
                0x080019c4                I2C2_ER_IRQHandler
                0x080019c4                DMA2_Stream1_IRQHandler
                0x080019c4                CAN1_SCE_IRQHandler
                0x080019c4                FLASH_IRQHandler
                0x080019c4                DMA2_Stream4_IRQHandler
                0x080019c4                USART1_IRQHandler
                0x080019c4                OTG_FS_IRQHandler
                0x080019c4                DMA1_Stream4_IRQHandler
                0x080019c4                I2C1_ER_IRQHandler
                0x080019c4                DMA2_Stream6_IRQHandler
                0x080019c4                DMA1_Stream3_IRQHandler
 *fill*         0x080019c6        0x2 
 .text.HAL_Init
                0x080019c8       0x44 ./Drivers/STM32F4xx_HAL_Driver/stm32f4xx_hal.o
                0x080019c8                HAL_Init
 .text.HAL_InitTick
                0x08001a0c       0x60 ./Drivers/STM32F4xx_HAL_Driver/stm32f4xx_hal.o
                0x08001a0c                HAL_InitTick
 .text.HAL_IncTick
                0x08001a6c       0x28 ./Drivers/STM32F4xx_HAL_Driver/stm32f4xx_hal.o
                0x08001a6c                HAL_IncTick
 .text.HAL_GetTick
                0x08001a94       0x18 ./Drivers/STM32F4xx_HAL_Driver/stm32f4xx_hal.o
                0x08001a94                HAL_GetTick
 .text.HAL_Delay
                0x08001aac       0x48 ./Drivers/STM32F4xx_HAL_Driver/stm32f4xx_hal.o
                0x08001aac                HAL_Delay
 .text.__NVIC_SetPriorityGrouping
                0x08001af4       0x48 ./Drivers/STM32F4xx_HAL_Driver/stm32f4xx_hal_cortex.o
 .text.__NVIC_GetPriorityGrouping
                0x08001b3c       0x1c ./Drivers/STM32F4xx_HAL_Driver/stm32f4xx_hal_cortex.o
 .text.__NVIC_EnableIRQ
                0x08001b58       0x3c ./Drivers/STM32F4xx_HAL_Driver/stm32f4xx_hal_cortex.o
 .text.__NVIC_SetPriority
                0x08001b94       0x54 ./Drivers/STM32F4xx_HAL_Driver/stm32f4xx_hal_cortex.o
 .text.NVIC_EncodePriority
                0x08001be8       0x66 ./Drivers/STM32F4xx_HAL_Driver/stm32f4xx_hal_cortex.o
 *fill*         0x08001c4e        0x2 
 .text.SysTick_Config
                0x08001c50       0x44 ./Drivers/STM32F4xx_HAL_Driver/stm32f4xx_hal_cortex.o
 .text.HAL_NVIC_SetPriorityGrouping
                0x08001c94       0x16 ./Drivers/STM32F4xx_HAL_Driver/stm32f4xx_hal_cortex.o
                0x08001c94                HAL_NVIC_SetPriorityGrouping
 .text.HAL_NVIC_SetPriority
                0x08001caa       0x38 ./Drivers/STM32F4xx_HAL_Driver/stm32f4xx_hal_cortex.o
                0x08001caa                HAL_NVIC_SetPriority
 .text.HAL_NVIC_EnableIRQ
                0x08001ce2       0x1c ./Drivers/STM32F4xx_HAL_Driver/stm32f4xx_hal_cortex.o
                0x08001ce2                HAL_NVIC_EnableIRQ
 .text.HAL_SYSTICK_Config
                0x08001cfe       0x18 ./Drivers/STM32F4xx_HAL_Driver/stm32f4xx_hal_cortex.o
                0x08001cfe                HAL_SYSTICK_Config
 *fill*         0x08001d16        0x2 
 .text.HAL_DMA_Init
                0x08001d18      0x15c ./Drivers/STM32F4xx_HAL_Driver/stm32f4xx_hal_dma.o
                0x08001d18                HAL_DMA_Init
 .text.HAL_DMA_Start_IT
                0x08001e74       0xb0 ./Drivers/STM32F4xx_HAL_Driver/stm32f4xx_hal_dma.o
                0x08001e74                HAL_DMA_Start_IT
 .text.HAL_DMA_IRQHandler
                0x08001f24      0x314 ./Drivers/STM32F4xx_HAL_Driver/stm32f4xx_hal_dma.o
                0x08001f24                HAL_DMA_IRQHandler
 .text.DMA_SetConfig
                0x08002238       0x5c ./Drivers/STM32F4xx_HAL_Driver/stm32f4xx_hal_dma.o
 .text.DMA_CalcBaseAndBitshift
                0x08002294       0x6c ./Drivers/STM32F4xx_HAL_Driver/stm32f4xx_hal_dma.o
 .text.DMA_CheckFifoParam
                0x08002300       0xf8 ./Drivers/STM32F4xx_HAL_Driver/stm32f4xx_hal_dma.o
 .text.HAL_GPIO_Init
                0x080023f8      0x338 ./Drivers/STM32F4xx_HAL_Driver/stm32f4xx_hal_gpio.o
                0x080023f8                HAL_GPIO_Init
 .text.HAL_GPIO_WritePin
                0x08002730       0x32 ./Drivers/STM32F4xx_HAL_Driver/stm32f4xx_hal_gpio.o
                0x08002730                HAL_GPIO_WritePin
 *fill*         0x08002762        0x2 
 .text.HAL_I2C_Init
                0x08002764      0x288 ./Drivers/STM32F4xx_HAL_Driver/stm32f4xx_hal_i2c.o
                0x08002764                HAL_I2C_Init
 .text.HAL_I2C_Mem_Write
                0x080029ec      0x1f4 ./Drivers/STM32F4xx_HAL_Driver/stm32f4xx_hal_i2c.o
                0x080029ec                HAL_I2C_Mem_Write
 .text.I2C_RequestMemoryWrite
                0x08002be0      0x12c ./Drivers/STM32F4xx_HAL_Driver/stm32f4xx_hal_i2c.o
 .text.I2C_WaitOnFlagUntilTimeout
                0x08002d0c       0xf4 ./Drivers/STM32F4xx_HAL_Driver/stm32f4xx_hal_i2c.o
 .text.I2C_WaitOnMasterAddressFlagUntilTimeout
                0x08002e00      0x140 ./Drivers/STM32F4xx_HAL_Driver/stm32f4xx_hal_i2c.o
 .text.I2C_WaitOnTXEFlagUntilTimeout
                0x08002f40       0x90 ./Drivers/STM32F4xx_HAL_Driver/stm32f4xx_hal_i2c.o
 .text.I2C_WaitOnBTFFlagUntilTimeout
                0x08002fd0       0x90 ./Drivers/STM32F4xx_HAL_Driver/stm32f4xx_hal_i2c.o
 .text.I2C_IsAcknowledgeFailed
                0x08003060       0x5e ./Drivers/STM32F4xx_HAL_Driver/stm32f4xx_hal_i2c.o
 *fill*         0x080030be        0x2 
 .text.HAL_I2S_Init
                0x080030c0      0x280 ./Drivers/STM32F4xx_HAL_Driver/stm32f4xx_hal_i2s.o
                0x080030c0                HAL_I2S_Init
 .text.HAL_I2S_Transmit_DMA
                0x08003340      0x148 ./Drivers/STM32F4xx_HAL_Driver/stm32f4xx_hal_i2s.o
                0x08003340                HAL_I2S_Transmit_DMA
 .text.HAL_I2S_IRQHandler
                0x08003488       0x18 ./Drivers/STM32F4xx_HAL_Driver/stm32f4xx_hal_i2s.o
                0x08003488                HAL_I2S_IRQHandler
 .text.HAL_I2S_RxCpltCallback
                0x080034a0       0x14 ./Drivers/STM32F4xx_HAL_Driver/stm32f4xx_hal_i2s.o
                0x080034a0                HAL_I2S_RxCpltCallback
 .text.HAL_I2S_ErrorCallback
                0x080034b4       0x14 ./Drivers/STM32F4xx_HAL_Driver/stm32f4xx_hal_i2s.o
                0x080034b4                HAL_I2S_ErrorCallback
 .text.I2S_DMATxCplt
                0x080034c8       0x42 ./Drivers/STM32F4xx_HAL_Driver/stm32f4xx_hal_i2s.o
 .text.I2S_DMATxHalfCplt
                0x0800350a       0x1c ./Drivers/STM32F4xx_HAL_Driver/stm32f4xx_hal_i2s.o
 .text.I2S_DMAError
                0x08003526       0x4c ./Drivers/STM32F4xx_HAL_Driver/stm32f4xx_hal_i2s.o
 .text.I2S_Transmit_IT
                0x08003572       0x5c ./Drivers/STM32F4xx_HAL_Driver/stm32f4xx_hal_i2s.o
 .text.I2S_Receive_IT
                0x080035ce       0x5e ./Drivers/STM32F4xx_HAL_Driver/stm32f4xx_hal_i2s.o
 .text.I2S_IRQHandler
                0x0800362c      0x114 ./Drivers/STM32F4xx_HAL_Driver/stm32f4xx_hal_i2s.o
 .text.HAL_I2SEx_FullDuplex_IRQHandler
                0x08003740      0x2a8 ./Drivers/STM32F4xx_HAL_Driver/stm32f4xx_hal_i2s_ex.o
                0x08003740                HAL_I2SEx_FullDuplex_IRQHandler
 .text.HAL_I2SEx_TxRxCpltCallback
                0x080039e8       0x14 ./Drivers/STM32F4xx_HAL_Driver/stm32f4xx_hal_i2s_ex.o
                0x080039e8                HAL_I2SEx_TxRxCpltCallback
 .text.I2SEx_TxISR_I2S
                0x080039fc       0x62 ./Drivers/STM32F4xx_HAL_Driver/stm32f4xx_hal_i2s_ex.o
 *fill*         0x08003a5e        0x2 
 .text.I2SEx_TxISR_I2SExt
                0x08003a60       0x98 ./Drivers/STM32F4xx_HAL_Driver/stm32f4xx_hal_i2s_ex.o
 .text.I2SEx_RxISR_I2S
                0x08003af8       0x64 ./Drivers/STM32F4xx_HAL_Driver/stm32f4xx_hal_i2s_ex.o
 .text.I2SEx_RxISR_I2SExt
                0x08003b5c       0x98 ./Drivers/STM32F4xx_HAL_Driver/stm32f4xx_hal_i2s_ex.o
 .text.HAL_RCC_OscConfig
                0x08003bf4      0x4f0 ./Drivers/STM32F4xx_HAL_Driver/stm32f4xx_hal_rcc.o
                0x08003bf4                HAL_RCC_OscConfig
 .text.HAL_RCC_ClockConfig
                0x080040e4      0x1cc ./Drivers/STM32F4xx_HAL_Driver/stm32f4xx_hal_rcc.o
                0x080040e4                HAL_RCC_ClockConfig
 .text.HAL_RCC_GetSysClockFreq
                0x080042b0      0x20c ./Drivers/STM32F4xx_HAL_Driver/stm32f4xx_hal_rcc.o
                0x080042b0                HAL_RCC_GetSysClockFreq
 .text.HAL_RCC_GetHCLKFreq
                0x080044bc       0x18 ./Drivers/STM32F4xx_HAL_Driver/stm32f4xx_hal_rcc.o
                0x080044bc                HAL_RCC_GetHCLKFreq
 .text.HAL_RCC_GetPCLK1Freq
                0x080044d4       0x28 ./Drivers/STM32F4xx_HAL_Driver/stm32f4xx_hal_rcc.o
                0x080044d4                HAL_RCC_GetPCLK1Freq
 .text.HAL_RCCEx_PeriphCLKConfig
                0x080044fc      0x1c4 ./Drivers/STM32F4xx_HAL_Driver/stm32f4xx_hal_rcc_ex.o
                0x080044fc                HAL_RCCEx_PeriphCLKConfig
 .text.HAL_RCCEx_GetPeriphCLKFreq
                0x080046c0       0xc0 ./Drivers/STM32F4xx_HAL_Driver/stm32f4xx_hal_rcc_ex.o
                0x080046c0                HAL_RCCEx_GetPeriphCLKFreq
 .text.memset   0x08004780       0x10 C:/ST/STM32CubeIDE_1.19.0/STM32CubeIDE/plugins/com.st.stm32cube.ide.mcu.externaltools.gnu-tools-for-stm32.13.3.rel1.win32_1.0.0.202411081344/tools/bin/../lib/gcc/arm-none-eabi/13.3.1/../../../../arm-none-eabi/lib/thumb/v7e-m+fp/hard\libc_nano.a(libc_a-memset.o)
                0x08004780                memset
 .text.__libc_init_array
                0x08004790       0x48 C:/ST/STM32CubeIDE_1.19.0/STM32CubeIDE/plugins/com.st.stm32cube.ide.mcu.externaltools.gnu-tools-for-stm32.13.3.rel1.win32_1.0.0.202411081344/tools/bin/../lib/gcc/arm-none-eabi/13.3.1/../../../../arm-none-eabi/lib/thumb/v7e-m+fp/hard\libc_nano.a(libc_a-init.o)
                0x08004790                __libc_init_array
 .text.sin      0x080047d8       0xa8 C:/ST/STM32CubeIDE_1.19.0/STM32CubeIDE/plugins/com.st.stm32cube.ide.mcu.externaltools.gnu-tools-for-stm32.13.3.rel1.win32_1.0.0.202411081344/tools/bin/../lib/gcc/arm-none-eabi/13.3.1/../../../../arm-none-eabi/lib/thumb/v7e-m+fp/hard\libm.a(libm_a-s_sin.o)
                0x080047d8                sin
 .text.__kernel_cos
                0x08004880      0x18c C:/ST/STM32CubeIDE_1.19.0/STM32CubeIDE/plugins/com.st.stm32cube.ide.mcu.externaltools.gnu-tools-for-stm32.13.3.rel1.win32_1.0.0.202411081344/tools/bin/../lib/gcc/arm-none-eabi/13.3.1/../../../../arm-none-eabi/lib/thumb/v7e-m+fp/hard\libm.a(libm_a-k_cos.o)
                0x08004880                __kernel_cos
 *fill*         0x08004a0c        0x4 
 .text.__kernel_sin
                0x08004a10      0x174 C:/ST/STM32CubeIDE_1.19.0/STM32CubeIDE/plugins/com.st.stm32cube.ide.mcu.externaltools.gnu-tools-for-stm32.13.3.rel1.win32_1.0.0.202411081344/tools/bin/../lib/gcc/arm-none-eabi/13.3.1/../../../../arm-none-eabi/lib/thumb/v7e-m+fp/hard\libm.a(libm_a-k_sin.o)
                0x08004a10                __kernel_sin
 *fill*         0x08004b84        0x4 
 .text.__ieee754_rem_pio2
                0x08004b88      0x3f8 C:/ST/STM32CubeIDE_1.19.0/STM32CubeIDE/plugins/com.st.stm32cube.ide.mcu.externaltools.gnu-tools-for-stm32.13.3.rel1.win32_1.0.0.202411081344/tools/bin/../lib/gcc/arm-none-eabi/13.3.1/../../../../arm-none-eabi/lib/thumb/v7e-m+fp/hard\libm.a(libm_a-e_rem_pio2.o)
                0x08004b88                __ieee754_rem_pio2
 .text.fabs     0x08004f80       0x10 C:/ST/STM32CubeIDE_1.19.0/STM32CubeIDE/plugins/com.st.stm32cube.ide.mcu.externaltools.gnu-tools-for-stm32.13.3.rel1.win32_1.0.0.202411081344/tools/bin/../lib/gcc/arm-none-eabi/13.3.1/../../../../arm-none-eabi/lib/thumb/v7e-m+fp/hard\libm.a(libm_a-s_fabs.o)
                0x08004f80                fabs
 .text.__kernel_rem_pio2
                0x08004f90      0x6a0 C:/ST/STM32CubeIDE_1.19.0/STM32CubeIDE/plugins/com.st.stm32cube.ide.mcu.externaltools.gnu-tools-for-stm32.13.3.rel1.win32_1.0.0.202411081344/tools/bin/../lib/gcc/arm-none-eabi/13.3.1/../../../../arm-none-eabi/lib/thumb/v7e-m+fp/hard\libm.a(libm_a-k_rem_pio2.o)
                0x08004f90                __kernel_rem_pio2
 .text.scalbn   0x08005630       0xf4 C:/ST/STM32CubeIDE_1.19.0/STM32CubeIDE/plugins/com.st.stm32cube.ide.mcu.externaltools.gnu-tools-for-stm32.13.3.rel1.win32_1.0.0.202411081344/tools/bin/../lib/gcc/arm-none-eabi/13.3.1/../../../../arm-none-eabi/lib/thumb/v7e-m+fp/hard\libm.a(libm_a-s_scalbn.o)
                0x08005630                scalbn
 *fill*         0x08005724        0x4 
 .text.floor    0x08005728       0xf8 C:/ST/STM32CubeIDE_1.19.0/STM32CubeIDE/plugins/com.st.stm32cube.ide.mcu.externaltools.gnu-tools-for-stm32.13.3.rel1.win32_1.0.0.202411081344/tools/bin/../lib/gcc/arm-none-eabi/13.3.1/../../../../arm-none-eabi/lib/thumb/v7e-m+fp/hard\libm.a(libm_a-s_floor.o)
                0x08005728                floor
 *(.glue_7)
 .glue_7        0x08005820        0x0 linker stubs
 *(.glue_7t)
 .glue_7t       0x08005820        0x0 linker stubs
 *(.eh_frame)
 .eh_frame      0x08005820        0x0 C:/ST/STM32CubeIDE_1.19.0/STM32CubeIDE/plugins/com.st.stm32cube.ide.mcu.externaltools.gnu-tools-for-stm32.13.3.rel1.win32_1.0.0.202411081344/tools/bin/../lib/gcc/arm-none-eabi/13.3.1/thumb/v7e-m+fp/hard/crtbegin.o
 *(.init)
 .init          0x08005820        0x4 C:/ST/STM32CubeIDE_1.19.0/STM32CubeIDE/plugins/com.st.stm32cube.ide.mcu.externaltools.gnu-tools-for-stm32.13.3.rel1.win32_1.0.0.202411081344/tools/bin/../lib/gcc/arm-none-eabi/13.3.1/thumb/v7e-m+fp/hard/crti.o
                0x08005820                _init
 .init          0x08005824        0x8 C:/ST/STM32CubeIDE_1.19.0/STM32CubeIDE/plugins/com.st.stm32cube.ide.mcu.externaltools.gnu-tools-for-stm32.13.3.rel1.win32_1.0.0.202411081344/tools/bin/../lib/gcc/arm-none-eabi/13.3.1/thumb/v7e-m+fp/hard/crtn.o
 *(.fini)
 .fini          0x0800582c        0x4 C:/ST/STM32CubeIDE_1.19.0/STM32CubeIDE/plugins/com.st.stm32cube.ide.mcu.externaltools.gnu-tools-for-stm32.13.3.rel1.win32_1.0.0.202411081344/tools/bin/../lib/gcc/arm-none-eabi/13.3.1/thumb/v7e-m+fp/hard/crti.o
                0x0800582c                _fini
 .fini          0x08005830        0x8 C:/ST/STM32CubeIDE_1.19.0/STM32CubeIDE/plugins/com.st.stm32cube.ide.mcu.externaltools.gnu-tools-for-stm32.13.3.rel1.win32_1.0.0.202411081344/tools/bin/../lib/gcc/arm-none-eabi/13.3.1/thumb/v7e-m+fp/hard/crtn.o
                0x08005838                        . = ALIGN (0x4)
                0x08005838                        _etext = .

.vfp11_veneer   0x08005838        0x0
 .vfp11_veneer  0x08005838        0x0 linker stubs

.v4_bx          0x08005838        0x0
 .v4_bx         0x08005838        0x0 linker stubs

.iplt           0x08005838        0x0
 .iplt          0x08005838        0x0 C:/ST/STM32CubeIDE_1.19.0/STM32CubeIDE/plugins/com.st.stm32cube.ide.mcu.externaltools.gnu-tools-for-stm32.13.3.rel1.win32_1.0.0.202411081344/tools/bin/../lib/gcc/arm-none-eabi/13.3.1/thumb/v7e-m+fp/hard/crtbegin.o

.rodata         0x08005838      0x1f8
                0x08005838                        . = ALIGN (0x4)
 *(.rodata)
 *(.rodata*)
 .rodata.AHBPrescTable
                0x08005838       0x10 ./Core/Src/system_stm32f4xx.o
                0x08005838                AHBPrescTable
 .rodata.APBPrescTable
                0x08005848        0x8 ./Core/Src/system_stm32f4xx.o
                0x08005848                APBPrescTable
 .rodata.flagBitshiftOffset.0
                0x08005850        0x8 ./Drivers/STM32F4xx_HAL_Driver/stm32f4xx_hal_dma.o
 .rodata.npio2_hw
                0x08005858       0x80 C:/ST/STM32CubeIDE_1.19.0/STM32CubeIDE/plugins/com.st.stm32cube.ide.mcu.externaltools.gnu-tools-for-stm32.13.3.rel1.win32_1.0.0.202411081344/tools/bin/../lib/gcc/arm-none-eabi/13.3.1/../../../../arm-none-eabi/lib/thumb/v7e-m+fp/hard\libm.a(libm_a-e_rem_pio2.o)
 .rodata.two_over_pi
                0x080058d8      0x108 C:/ST/STM32CubeIDE_1.19.0/STM32CubeIDE/plugins/com.st.stm32cube.ide.mcu.externaltools.gnu-tools-for-stm32.13.3.rel1.win32_1.0.0.202411081344/tools/bin/../lib/gcc/arm-none-eabi/13.3.1/../../../../arm-none-eabi/lib/thumb/v7e-m+fp/hard\libm.a(libm_a-e_rem_pio2.o)
 .rodata.PIo2   0x080059e0       0x40 C:/ST/STM32CubeIDE_1.19.0/STM32CubeIDE/plugins/com.st.stm32cube.ide.mcu.externaltools.gnu-tools-for-stm32.13.3.rel1.win32_1.0.0.202411081344/tools/bin/../lib/gcc/arm-none-eabi/13.3.1/../../../../arm-none-eabi/lib/thumb/v7e-m+fp/hard\libm.a(libm_a-k_rem_pio2.o)
 .rodata.init_jk
                0x08005a20       0x10 C:/ST/STM32CubeIDE_1.19.0/STM32CubeIDE/plugins/com.st.stm32cube.ide.mcu.externaltools.gnu-tools-for-stm32.13.3.rel1.win32_1.0.0.202411081344/tools/bin/../lib/gcc/arm-none-eabi/13.3.1/../../../../arm-none-eabi/lib/thumb/v7e-m+fp/hard\libm.a(libm_a-k_rem_pio2.o)
                0x08005a30                        . = ALIGN (0x4)

.ARM.extab      0x08005a30        0x0
                0x08005a30                        . = ALIGN (0x4)
 *(.ARM.extab* .gnu.linkonce.armextab.*)
                0x08005a30                        . = ALIGN (0x4)

.ARM            0x08005a30        0x8
                0x08005a30                        . = ALIGN (0x4)
                0x08005a30                        __exidx_start = .
 *(.ARM.exidx*)
 .ARM.exidx     0x08005a30        0x8 C:/ST/STM32CubeIDE_1.19.0/STM32CubeIDE/plugins/com.st.stm32cube.ide.mcu.externaltools.gnu-tools-for-stm32.13.3.rel1.win32_1.0.0.202411081344/tools/bin/../lib/gcc/arm-none-eabi/13.3.1/thumb/v7e-m+fp/hard\libgcc.a(_udivmoddi4.o)
                0x08005a38                        __exidx_end = .
                0x08005a38                        . = ALIGN (0x4)

.preinit_array  0x08005a38        0x0
                0x08005a38                        . = ALIGN (0x4)
                0x08005a38                        PROVIDE (__preinit_array_start = .)
 *(.preinit_array*)
                0x08005a38                        PROVIDE (__preinit_array_end = .)
                0x08005a38                        . = ALIGN (0x4)

.init_array     0x08005a38        0x4
                0x08005a38                        . = ALIGN (0x4)
                0x08005a38                        PROVIDE (__init_array_start = .)
 *(SORT_BY_NAME(.init_array.*))
 *(.init_array*)
 .init_array    0x08005a38        0x4 C:/ST/STM32CubeIDE_1.19.0/STM32CubeIDE/plugins/com.st.stm32cube.ide.mcu.externaltools.gnu-tools-for-stm32.13.3.rel1.win32_1.0.0.202411081344/tools/bin/../lib/gcc/arm-none-eabi/13.3.1/thumb/v7e-m+fp/hard/crtbegin.o
                0x08005a3c                        PROVIDE (__init_array_end = .)
                0x08005a3c                        . = ALIGN (0x4)

.fini_array     0x08005a3c        0x4
                0x08005a3c                        . = ALIGN (0x4)
                [!provide]                        PROVIDE (__fini_array_start = .)
 *(SORT_BY_NAME(.fini_array.*))
 *(.fini_array*)
 .fini_array    0x08005a3c        0x4 C:/ST/STM32CubeIDE_1.19.0/STM32CubeIDE/plugins/com.st.stm32cube.ide.mcu.externaltools.gnu-tools-for-stm32.13.3.rel1.win32_1.0.0.202411081344/tools/bin/../lib/gcc/arm-none-eabi/13.3.1/thumb/v7e-m+fp/hard/crtbegin.o
                [!provide]                        PROVIDE (__fini_array_end = .)
                0x08005a40                        . = ALIGN (0x4)
                0x08005a40                        _sidata = LOADADDR (.data)

.rel.dyn        0x08005a40        0x0
 .rel.iplt      0x08005a40        0x0 C:/ST/STM32CubeIDE_1.19.0/STM32CubeIDE/plugins/com.st.stm32cube.ide.mcu.externaltools.gnu-tools-for-stm32.13.3.rel1.win32_1.0.0.202411081344/tools/bin/../lib/gcc/arm-none-eabi/13.3.1/thumb/v7e-m+fp/hard/crtbegin.o

.data           0x20000000       0x10 load address 0x08005a40
                0x20000000                        . = ALIGN (0x4)
                0x20000000                        _sdata = .
 *(.data)
 *(.data*)
 .data.cs43l22_state
                0x20000000        0x1 ./Core/Src/cs43l22.o
 *fill*         0x20000001        0x3 
 .data.SystemCoreClock
                0x20000004        0x4 ./Core/Src/system_stm32f4xx.o
                0x20000004                SystemCoreClock
 .data.uwTickPrio
                0x20000008        0x4 ./Drivers/STM32F4xx_HAL_Driver/stm32f4xx_hal.o
                0x20000008                uwTickPrio
 .data.uwTickFreq
                0x2000000c        0x1 ./Drivers/STM32F4xx_HAL_Driver/stm32f4xx_hal.o
                0x2000000c                uwTickFreq
 *(.RamFunc)
 *(.RamFunc*)
                0x20000010                        . = ALIGN (0x4)
 *fill*         0x2000000d        0x3 
                0x20000010                        _edata = .
                0x08005a50                        _siccmram = LOADADDR (.ccmram)

.igot.plt       0x20000010        0x0 load address 0x08005a50
 .igot.plt      0x20000010        0x0 C:/ST/STM32CubeIDE_1.19.0/STM32CubeIDE/plugins/com.st.stm32cube.ide.mcu.externaltools.gnu-tools-for-stm32.13.3.rel1.win32_1.0.0.202411081344/tools/bin/../lib/gcc/arm-none-eabi/13.3.1/thumb/v7e-m+fp/hard/crtbegin.o

.ccmram         0x10000000        0x0 load address 0x08005a50
                0x10000000                        . = ALIGN (0x4)
                0x10000000                        _sccmram = .
 *(.ccmram)
 *(.ccmram*)
                0x10000000                        . = ALIGN (0x4)
                0x10000000                        _eccmram = .
                0x10000000                        . = ALIGN (0x4)

.bss            0x20000010     0x1930
                0x20000010                        _sbss = .
                0x20000010                        __bss_start__ = _sbss
 *(.bss)
 .bss           0x20000010       0x1c C:/ST/STM32CubeIDE_1.19.0/STM32CubeIDE/plugins/com.st.stm32cube.ide.mcu.externaltools.gnu-tools-for-stm32.13.3.rel1.win32_1.0.0.202411081344/tools/bin/../lib/gcc/arm-none-eabi/13.3.1/thumb/v7e-m+fp/hard/crtbegin.o
 *(.bss*)
 .bss.hi2c1     0x2000002c       0x54 ./Core/Src/main.o
                0x2000002c                hi2c1
 .bss.hi2s3     0x20000080       0x48 ./Core/Src/main.o
                0x20000080                hi2s3
 .bss.hdma_spi3_tx
                0x200000c8       0x60 ./Core/Src/main.o
                0x200000c8                hdma_spi3_tx
 .bss.SineWaveTable
                0x20000128      0x800 ./Core/Src/main.o
                0x20000128                SineWaveTable
 .bss.dataI2S   0x20000928     0x1000 ./Core/Src/main.o
                0x20000928                dataI2S
 .bss.note_time_remaining_ms
                0x20001928        0x4 ./Core/Src/main.o
                0x20001928                note_time_remaining_ms
 *fill*         0x2000192c        0x4 
 .bss.current_phase
                0x20001930        0x8 ./Core/Src/main.o
                0x20001930                current_phase
 .bss.last_irq_time
                0x20001938        0x4 ./Core/Src/main.o
                0x20001938                last_irq_time
 .bss.uwTick    0x2000193c        0x4 ./Drivers/STM32F4xx_HAL_Driver/stm32f4xx_hal.o
                0x2000193c                uwTick
 *(COMMON)
                0x20001940                        . = ALIGN (0x4)
                0x20001940                        _ebss = .
                0x20001940                        __bss_end__ = _ebss

._user_heap_stack
                0x20001940      0x600
                0x20001940                        . = ALIGN (0x8)
                [!provide]                        PROVIDE (end = .)
                0x20001940                        PROVIDE (_end = .)
                0x20001b40                        . = (. + _Min_Heap_Size)
 *fill*         0x20001940      0x200 
                0x20001f40                        . = (. + _Min_Stack_Size)
 *fill*         0x20001b40      0x400 
                0x20001f40                        . = ALIGN (0x8)

/DISCARD/
 libc.a(*)
 libm.a(*)
 libgcc.a(*)

.ARM.attributes
                0x00000000       0x30
 *(.ARM.attributes)
 .ARM.attributes
                0x00000000       0x22 C:/ST/STM32CubeIDE_1.19.0/STM32CubeIDE/plugins/com.st.stm32cube.ide.mcu.externaltools.gnu-tools-for-stm32.13.3.rel1.win32_1.0.0.202411081344/tools/bin/../lib/gcc/arm-none-eabi/13.3.1/thumb/v7e-m+fp/hard/crti.o
 .ARM.attributes
                0x00000022       0x34 C:/ST/STM32CubeIDE_1.19.0/STM32CubeIDE/plugins/com.st.stm32cube.ide.mcu.externaltools.gnu-tools-for-stm32.13.3.rel1.win32_1.0.0.202411081344/tools/bin/../lib/gcc/arm-none-eabi/13.3.1/thumb/v7e-m+fp/hard/crtbegin.o
 .ARM.attributes
                0x00000056       0x34 ./Core/Src/cs43l22.o
 .ARM.attributes
                0x0000008a       0x34 ./Core/Src/main.o
 .ARM.attributes
                0x000000be       0x34 ./Core/Src/stm32f4xx_hal_msp.o
 .ARM.attributes
                0x000000f2       0x34 ./Core/Src/stm32f4xx_it.o
 .ARM.attributes
                0x00000126       0x34 ./Core/Src/system_stm32f4xx.o
 .ARM.attributes
                0x0000015a       0x21 ./Core/Startup/startup_stm32f407vgtx.o
 .ARM.attributes
                0x0000017b       0x34 ./Drivers/STM32F4xx_HAL_Driver/stm32f4xx_hal.o
 .ARM.attributes
                0x000001af       0x34 ./Drivers/STM32F4xx_HAL_Driver/stm32f4xx_hal_cortex.o
 .ARM.attributes
                0x000001e3       0x34 ./Drivers/STM32F4xx_HAL_Driver/stm32f4xx_hal_dma.o
 .ARM.attributes
                0x00000217       0x34 ./Drivers/STM32F4xx_HAL_Driver/stm32f4xx_hal_gpio.o
 .ARM.attributes
                0x0000024b       0x34 ./Drivers/STM32F4xx_HAL_Driver/stm32f4xx_hal_i2c.o
 .ARM.attributes
                0x0000027f       0x34 ./Drivers/STM32F4xx_HAL_Driver/stm32f4xx_hal_i2s.o
 .ARM.attributes
                0x000002b3       0x34 ./Drivers/STM32F4xx_HAL_Driver/stm32f4xx_hal_i2s_ex.o
 .ARM.attributes
                0x000002e7       0x34 ./Drivers/STM32F4xx_HAL_Driver/stm32f4xx_hal_rcc.o
 .ARM.attributes
                0x0000031b       0x34 ./Drivers/STM32F4xx_HAL_Driver/stm32f4xx_hal_rcc_ex.o
 .ARM.attributes
                0x0000034f       0x34 C:/ST/STM32CubeIDE_1.19.0/STM32CubeIDE/plugins/com.st.stm32cube.ide.mcu.externaltools.gnu-tools-for-stm32.13.3.rel1.win32_1.0.0.202411081344/tools/bin/../lib/gcc/arm-none-eabi/13.3.1/../../../../arm-none-eabi/lib/thumb/v7e-m+fp/hard\libc_nano.a(libc_a-memset.o)
 .ARM.attributes
                0x00000383       0x34 C:/ST/STM32CubeIDE_1.19.0/STM32CubeIDE/plugins/com.st.stm32cube.ide.mcu.externaltools.gnu-tools-for-stm32.13.3.rel1.win32_1.0.0.202411081344/tools/bin/../lib/gcc/arm-none-eabi/13.3.1/../../../../arm-none-eabi/lib/thumb/v7e-m+fp/hard\libc_nano.a(libc_a-init.o)
 .ARM.attributes
                0x000003b7       0x34 C:/ST/STM32CubeIDE_1.19.0/STM32CubeIDE/plugins/com.st.stm32cube.ide.mcu.externaltools.gnu-tools-for-stm32.13.3.rel1.win32_1.0.0.202411081344/tools/bin/../lib/gcc/arm-none-eabi/13.3.1/../../../../arm-none-eabi/lib/thumb/v7e-m+fp/hard\libm.a(libm_a-s_sin.o)
 .ARM.attributes
                0x000003eb       0x34 C:/ST/STM32CubeIDE_1.19.0/STM32CubeIDE/plugins/com.st.stm32cube.ide.mcu.externaltools.gnu-tools-for-stm32.13.3.rel1.win32_1.0.0.202411081344/tools/bin/../lib/gcc/arm-none-eabi/13.3.1/../../../../arm-none-eabi/lib/thumb/v7e-m+fp/hard\libm.a(libm_a-k_cos.o)
 .ARM.attributes
                0x0000041f       0x34 C:/ST/STM32CubeIDE_1.19.0/STM32CubeIDE/plugins/com.st.stm32cube.ide.mcu.externaltools.gnu-tools-for-stm32.13.3.rel1.win32_1.0.0.202411081344/tools/bin/../lib/gcc/arm-none-eabi/13.3.1/../../../../arm-none-eabi/lib/thumb/v7e-m+fp/hard\libm.a(libm_a-k_sin.o)
 .ARM.attributes
                0x00000453       0x34 C:/ST/STM32CubeIDE_1.19.0/STM32CubeIDE/plugins/com.st.stm32cube.ide.mcu.externaltools.gnu-tools-for-stm32.13.3.rel1.win32_1.0.0.202411081344/tools/bin/../lib/gcc/arm-none-eabi/13.3.1/../../../../arm-none-eabi/lib/thumb/v7e-m+fp/hard\libm.a(libm_a-e_rem_pio2.o)
 .ARM.attributes
                0x00000487       0x34 C:/ST/STM32CubeIDE_1.19.0/STM32CubeIDE/plugins/com.st.stm32cube.ide.mcu.externaltools.gnu-tools-for-stm32.13.3.rel1.win32_1.0.0.202411081344/tools/bin/../lib/gcc/arm-none-eabi/13.3.1/../../../../arm-none-eabi/lib/thumb/v7e-m+fp/hard\libm.a(libm_a-s_fabs.o)
 .ARM.attributes
                0x000004bb       0x34 C:/ST/STM32CubeIDE_1.19.0/STM32CubeIDE/plugins/com.st.stm32cube.ide.mcu.externaltools.gnu-tools-for-stm32.13.3.rel1.win32_1.0.0.202411081344/tools/bin/../lib/gcc/arm-none-eabi/13.3.1/../../../../arm-none-eabi/lib/thumb/v7e-m+fp/hard\libm.a(libm_a-k_rem_pio2.o)
 .ARM.attributes
                0x000004ef       0x34 C:/ST/STM32CubeIDE_1.19.0/STM32CubeIDE/plugins/com.st.stm32cube.ide.mcu.externaltools.gnu-tools-for-stm32.13.3.rel1.win32_1.0.0.202411081344/tools/bin/../lib/gcc/arm-none-eabi/13.3.1/../../../../arm-none-eabi/lib/thumb/v7e-m+fp/hard\libm.a(libm_a-s_scalbn.o)
 .ARM.attributes
                0x00000523       0x34 C:/ST/STM32CubeIDE_1.19.0/STM32CubeIDE/plugins/com.st.stm32cube.ide.mcu.externaltools.gnu-tools-for-stm32.13.3.rel1.win32_1.0.0.202411081344/tools/bin/../lib/gcc/arm-none-eabi/13.3.1/../../../../arm-none-eabi/lib/thumb/v7e-m+fp/hard\libm.a(libm_a-s_floor.o)
 .ARM.attributes
                0x00000557       0x22 C:/ST/STM32CubeIDE_1.19.0/STM32CubeIDE/plugins/com.st.stm32cube.ide.mcu.externaltools.gnu-tools-for-stm32.13.3.rel1.win32_1.0.0.202411081344/tools/bin/../lib/gcc/arm-none-eabi/13.3.1/thumb/v7e-m+fp/hard\libgcc.a(_arm_addsubdf3.o)
 .ARM.attributes
                0x00000579       0x22 C:/ST/STM32CubeIDE_1.19.0/STM32CubeIDE/plugins/com.st.stm32cube.ide.mcu.externaltools.gnu-tools-for-stm32.13.3.rel1.win32_1.0.0.202411081344/tools/bin/../lib/gcc/arm-none-eabi/13.3.1/thumb/v7e-m+fp/hard\libgcc.a(_arm_muldivdf3.o)
 .ARM.attributes
                0x0000059b       0x22 C:/ST/STM32CubeIDE_1.19.0/STM32CubeIDE/plugins/com.st.stm32cube.ide.mcu.externaltools.gnu-tools-for-stm32.13.3.rel1.win32_1.0.0.202411081344/tools/bin/../lib/gcc/arm-none-eabi/13.3.1/thumb/v7e-m+fp/hard\libgcc.a(_arm_cmpdf2.o)
 .ARM.attributes
                0x000005bd       0x22 C:/ST/STM32CubeIDE_1.19.0/STM32CubeIDE/plugins/com.st.stm32cube.ide.mcu.externaltools.gnu-tools-for-stm32.13.3.rel1.win32_1.0.0.202411081344/tools/bin/../lib/gcc/arm-none-eabi/13.3.1/thumb/v7e-m+fp/hard\libgcc.a(_arm_fixdfsi.o)
 .ARM.attributes
                0x000005df       0x22 C:/ST/STM32CubeIDE_1.19.0/STM32CubeIDE/plugins/com.st.stm32cube.ide.mcu.externaltools.gnu-tools-for-stm32.13.3.rel1.win32_1.0.0.202411081344/tools/bin/../lib/gcc/arm-none-eabi/13.3.1/thumb/v7e-m+fp/hard\libgcc.a(_arm_fixunsdfsi.o)
 .ARM.attributes
                0x00000601       0x22 C:/ST/STM32CubeIDE_1.19.0/STM32CubeIDE/plugins/com.st.stm32cube.ide.mcu.externaltools.gnu-tools-for-stm32.13.3.rel1.win32_1.0.0.202411081344/tools/bin/../lib/gcc/arm-none-eabi/13.3.1/thumb/v7e-m+fp/hard\libgcc.a(_aeabi_uldivmod.o)
 .ARM.attributes
                0x00000623       0x34 C:/ST/STM32CubeIDE_1.19.0/STM32CubeIDE/plugins/com.st.stm32cube.ide.mcu.externaltools.gnu-tools-for-stm32.13.3.rel1.win32_1.0.0.202411081344/tools/bin/../lib/gcc/arm-none-eabi/13.3.1/thumb/v7e-m+fp/hard\libgcc.a(_udivmoddi4.o)
 .ARM.attributes
                0x00000657       0x22 C:/ST/STM32CubeIDE_1.19.0/STM32CubeIDE/plugins/com.st.stm32cube.ide.mcu.externaltools.gnu-tools-for-stm32.13.3.rel1.win32_1.0.0.202411081344/tools/bin/../lib/gcc/arm-none-eabi/13.3.1/thumb/v7e-m+fp/hard\libgcc.a(_dvmd_tls.o)
 .ARM.attributes
                0x00000679       0x22 C:/ST/STM32CubeIDE_1.19.0/STM32CubeIDE/plugins/com.st.stm32cube.ide.mcu.externaltools.gnu-tools-for-stm32.13.3.rel1.win32_1.0.0.202411081344/tools/bin/../lib/gcc/arm-none-eabi/13.3.1/thumb/v7e-m+fp/hard/crtn.o
OUTPUT(Embedded-Lab-6.elf elf32-littlearm)
LOAD linker stubs
LOAD C:/ST/STM32CubeIDE_1.19.0/STM32CubeIDE/plugins/com.st.stm32cube.ide.mcu.externaltools.gnu-tools-for-stm32.13.3.rel1.win32_1.0.0.202411081344/tools/bin/../lib/gcc/arm-none-eabi/13.3.1/../../../../arm-none-eabi/lib/thumb/v7e-m+fp/hard\libc.a
LOAD C:/ST/STM32CubeIDE_1.19.0/STM32CubeIDE/plugins/com.st.stm32cube.ide.mcu.externaltools.gnu-tools-for-stm32.13.3.rel1.win32_1.0.0.202411081344/tools/bin/../lib/gcc/arm-none-eabi/13.3.1/../../../../arm-none-eabi/lib/thumb/v7e-m+fp/hard\libm.a
LOAD C:/ST/STM32CubeIDE_1.19.0/STM32CubeIDE/plugins/com.st.stm32cube.ide.mcu.externaltools.gnu-tools-for-stm32.13.3.rel1.win32_1.0.0.202411081344/tools/bin/../lib/gcc/arm-none-eabi/13.3.1/thumb/v7e-m+fp/hard\libgcc.a

.debug_info     0x00000000     0xacf5
 .debug_info    0x00000000      0xcd7 ./Core/Src/cs43l22.o
 .debug_info    0x00000cd7     0x1358 ./Core/Src/main.o
 .debug_info    0x0000202f     0x1007 ./Core/Src/stm32f4xx_hal_msp.o
 .debug_info    0x00003036      0x645 ./Core/Src/stm32f4xx_it.o
 .debug_info    0x0000367b      0x512 ./Core/Src/system_stm32f4xx.o
 .debug_info    0x00003b8d       0x30 ./Core/Startup/startup_stm32f407vgtx.o
 .debug_info    0x00003bbd      0x944 ./Drivers/STM32F4xx_HAL_Driver/stm32f4xx_hal.o
 .debug_info    0x00004501      0xd8c ./Drivers/STM32F4xx_HAL_Driver/stm32f4xx_hal_cortex.o
 .debug_info    0x0000528d      0x8e7 ./Drivers/STM32F4xx_HAL_Driver/stm32f4xx_hal_dma.o
 .debug_info    0x00005b74      0x6c3 ./Drivers/STM32F4xx_HAL_Driver/stm32f4xx_hal_gpio.o
 .debug_info    0x00006237     0x2415 ./Drivers/STM32F4xx_HAL_Driver/stm32f4xx_hal_i2c.o
 .debug_info    0x0000864c      0xe02 ./Drivers/STM32F4xx_HAL_Driver/stm32f4xx_hal_i2s.o
 .debug_info    0x0000944e      0xaae ./Drivers/STM32F4xx_HAL_Driver/stm32f4xx_hal_i2s_ex.o
 .debug_info    0x00009efc      0x8c3 ./Drivers/STM32F4xx_HAL_Driver/stm32f4xx_hal_rcc.o
 .debug_info    0x0000a7bf      0x536 ./Drivers/STM32F4xx_HAL_Driver/stm32f4xx_hal_rcc_ex.o

.debug_abbrev   0x00000000     0x1f3c
 .debug_abbrev  0x00000000      0x22d ./Core/Src/cs43l22.o
 .debug_abbrev  0x0000022d      0x312 ./Core/Src/main.o
 .debug_abbrev  0x0000053f      0x1ff ./Core/Src/stm32f4xx_hal_msp.o
 .debug_abbrev  0x0000073e      0x170 ./Core/Src/stm32f4xx_it.o
 .debug_abbrev  0x000008ae      0x11a ./Core/Src/system_stm32f4xx.o
 .debug_abbrev  0x000009c8       0x24 ./Core/Startup/startup_stm32f407vgtx.o
 .debug_abbrev  0x000009ec      0x214 ./Drivers/STM32F4xx_HAL_Driver/stm32f4xx_hal.o
 .debug_abbrev  0x00000c00      0x31d ./Drivers/STM32F4xx_HAL_Driver/stm32f4xx_hal_cortex.o
 .debug_abbrev  0x00000f1d      0x264 ./Drivers/STM32F4xx_HAL_Driver/stm32f4xx_hal_dma.o
 .debug_abbrev  0x00001181      0x1d4 ./Drivers/STM32F4xx_HAL_Driver/stm32f4xx_hal_gpio.o
 .debug_abbrev  0x00001355      0x2ad ./Drivers/STM32F4xx_HAL_Driver/stm32f4xx_hal_i2c.o
 .debug_abbrev  0x00001602      0x25d ./Drivers/STM32F4xx_HAL_Driver/stm32f4xx_hal_i2s.o
 .debug_abbrev  0x0000185f      0x276 ./Drivers/STM32F4xx_HAL_Driver/stm32f4xx_hal_i2s_ex.o
 .debug_abbrev  0x00001ad5      0x2b7 ./Drivers/STM32F4xx_HAL_Driver/stm32f4xx_hal_rcc.o
 .debug_abbrev  0x00001d8c      0x1b0 ./Drivers/STM32F4xx_HAL_Driver/stm32f4xx_hal_rcc_ex.o

.debug_aranges  0x00000000      0x9f8
 .debug_aranges
                0x00000000       0x88 ./Core/Src/cs43l22.o
 .debug_aranges
                0x00000088       0x60 ./Core/Src/main.o
 .debug_aranges
                0x000000e8       0x40 ./Core/Src/stm32f4xx_hal_msp.o
 .debug_aranges
                0x00000128       0x70 ./Core/Src/stm32f4xx_it.o
 .debug_aranges
                0x00000198       0x28 ./Core/Src/system_stm32f4xx.o
 .debug_aranges
                0x000001c0       0x28 ./Core/Startup/startup_stm32f407vgtx.o
 .debug_aranges
                0x000001e8       0xf0 ./Drivers/STM32F4xx_HAL_Driver/stm32f4xx_hal.o
 .debug_aranges
                0x000002d8      0x130 ./Drivers/STM32F4xx_HAL_Driver/stm32f4xx_hal_cortex.o
 .debug_aranges
                0x00000408       0x90 ./Drivers/STM32F4xx_HAL_Driver/stm32f4xx_hal_dma.o
 .debug_aranges
                0x00000498       0x58 ./Drivers/STM32F4xx_HAL_Driver/stm32f4xx_hal_gpio.o
 .debug_aranges
                0x000004f0      0x2a8 ./Drivers/STM32F4xx_HAL_Driver/stm32f4xx_hal_i2c.o
 .debug_aranges
                0x00000798      0x108 ./Drivers/STM32F4xx_HAL_Driver/stm32f4xx_hal_i2s.o
 .debug_aranges
                0x000008a0       0x88 ./Drivers/STM32F4xx_HAL_Driver/stm32f4xx_hal_i2s_ex.o
 .debug_aranges
                0x00000928       0x88 ./Drivers/STM32F4xx_HAL_Driver/stm32f4xx_hal_rcc.o
 .debug_aranges
                0x000009b0       0x48 ./Drivers/STM32F4xx_HAL_Driver/stm32f4xx_hal_rcc_ex.o

.debug_rnglists
                0x00000000      0x7a4
 .debug_rnglists
                0x00000000       0x63 ./Core/Src/cs43l22.o
 .debug_rnglists
                0x00000063       0x47 ./Core/Src/main.o
 .debug_rnglists
                0x000000aa       0x2d ./Core/Src/stm32f4xx_hal_msp.o
 .debug_rnglists
                0x000000d7       0x4f ./Core/Src/stm32f4xx_it.o
 .debug_rnglists
                0x00000126       0x1a ./Core/Src/system_stm32f4xx.o
 .debug_rnglists
                0x00000140       0x19 ./Core/Startup/startup_stm32f407vgtx.o
 .debug_rnglists
                0x00000159       0xaf ./Drivers/STM32F4xx_HAL_Driver/stm32f4xx_hal.o
 .debug_rnglists
                0x00000208       0xe0 ./Drivers/STM32F4xx_HAL_Driver/stm32f4xx_hal_cortex.o
 .debug_rnglists
                0x000002e8       0x70 ./Drivers/STM32F4xx_HAL_Driver/stm32f4xx_hal_dma.o
 .debug_rnglists
                0x00000358       0x3f ./Drivers/STM32F4xx_HAL_Driver/stm32f4xx_hal_gpio.o
 .debug_rnglists
                0x00000397      0x23c ./Drivers/STM32F4xx_HAL_Driver/stm32f4xx_hal_i2c.o
 .debug_rnglists
                0x000005d3       0xcc ./Drivers/STM32F4xx_HAL_Driver/stm32f4xx_hal_i2s.o
 .debug_rnglists
                0x0000069f       0x6a ./Drivers/STM32F4xx_HAL_Driver/stm32f4xx_hal_i2s_ex.o
 .debug_rnglists
                0x00000709       0x66 ./Drivers/STM32F4xx_HAL_Driver/stm32f4xx_hal_rcc.o
 .debug_rnglists
                0x0000076f       0x35 ./Drivers/STM32F4xx_HAL_Driver/stm32f4xx_hal_rcc_ex.o

.debug_macro    0x00000000    0x20e0b
 .debug_macro   0x00000000      0x2d9 ./Core/Src/cs43l22.o
 .debug_macro   0x000002d9      0xad8 ./Core/Src/cs43l22.o
 .debug_macro   0x00000db1      0x29b ./Core/Src/cs43l22.o
 .debug_macro   0x0000104c       0x2e ./Core/Src/cs43l22.o
 .debug_macro   0x0000107a       0x2f ./Core/Src/cs43l22.o
 .debug_macro   0x000010a9       0x22 ./Core/Src/cs43l22.o
 .debug_macro   0x000010cb       0x8e ./Core/Src/cs43l22.o
 .debug_macro   0x00001159       0x51 ./Core/Src/cs43l22.o
 .debug_macro   0x000011aa      0x103 ./Core/Src/cs43l22.o
 .debug_macro   0x000012ad       0x6a ./Core/Src/cs43l22.o
 .debug_macro   0x00001317      0x1df ./Core/Src/cs43l22.o
 .debug_macro   0x000014f6       0x1c ./Core/Src/cs43l22.o
 .debug_macro   0x00001512       0x22 ./Core/Src/cs43l22.o
 .debug_macro   0x00001534       0xfb ./Core/Src/cs43l22.o
 .debug_macro   0x0000162f     0x1011 ./Core/Src/cs43l22.o
 .debug_macro   0x00002640      0x11f ./Core/Src/cs43l22.o
 .debug_macro   0x0000275f    0x15ea5 ./Core/Src/cs43l22.o
 .debug_macro   0x00018604       0x6d ./Core/Src/cs43l22.o
 .debug_macro   0x00018671     0x3693 ./Core/Src/cs43l22.o
 .debug_macro   0x0001bd04      0x190 ./Core/Src/cs43l22.o
 .debug_macro   0x0001be94       0x5c ./Core/Src/cs43l22.o
 .debug_macro   0x0001bef0      0x980 ./Core/Src/cs43l22.o
 .debug_macro   0x0001c870      0x9e9 ./Core/Src/cs43l22.o
 .debug_macro   0x0001d259      0x115 ./Core/Src/cs43l22.o
 .debug_macro   0x0001d36e      0x13e ./Core/Src/cs43l22.o
 .debug_macro   0x0001d4ac       0xa5 ./Core/Src/cs43l22.o
 .debug_macro   0x0001d551      0x174 ./Core/Src/cs43l22.o
 .debug_macro   0x0001d6c5      0x287 ./Core/Src/cs43l22.o
 .debug_macro   0x0001d94c       0x5f ./Core/Src/cs43l22.o
 .debug_macro   0x0001d9ab      0x236 ./Core/Src/cs43l22.o
 .debug_macro   0x0001dbe1      0x12c ./Core/Src/cs43l22.o
 .debug_macro   0x0001dd0d      0x21e ./Core/Src/cs43l22.o
 .debug_macro   0x0001df2b       0x2e ./Core/Src/cs43l22.o
 .debug_macro   0x0001df59      0x1b5 ./Core/Src/cs43l22.o
 .debug_macro   0x0001e10e       0xd6 ./Core/Src/cs43l22.o
 .debug_macro   0x0001e1e4      0x1a7 ./Core/Src/cs43l22.o
 .debug_macro   0x0001e38b       0x46 ./Core/Src/cs43l22.o
 .debug_macro   0x0001e3d1       0x4a ./Core/Src/cs43l22.o
 .debug_macro   0x0001e41b      0x127 ./Core/Src/cs43l22.o
 .debug_macro   0x0001e542       0x7e ./Core/Src/cs43l22.o
 .debug_macro   0x0001e5c0       0x89 ./Core/Src/cs43l22.o
 .debug_macro   0x0001e649      0x12d ./Core/Src/cs43l22.o
 .debug_macro   0x0001e776       0x10 ./Core/Src/cs43l22.o
 .debug_macro   0x0001e786       0xfa ./Core/Src/cs43l22.o
 .debug_macro   0x0001e880       0x61 ./Core/Src/cs43l22.o
 .debug_macro   0x0001e8e1       0x2a ./Core/Src/cs43l22.o
 .debug_macro   0x0001e90b       0x43 ./Core/Src/cs43l22.o
 .debug_macro   0x0001e94e       0x34 ./Core/Src/cs43l22.o
 .debug_macro   0x0001e982       0x16 ./Core/Src/cs43l22.o
 .debug_macro   0x0001e998       0x3c ./Core/Src/cs43l22.o
 .debug_macro   0x0001e9d4      0x370 ./Core/Src/cs43l22.o
 .debug_macro   0x0001ed44       0x10 ./Core/Src/cs43l22.o
 .debug_macro   0x0001ed54       0x16 ./Core/Src/cs43l22.o
 .debug_macro   0x0001ed6a       0x4a ./Core/Src/cs43l22.o
 .debug_macro   0x0001edb4       0x34 ./Core/Src/cs43l22.o
 .debug_macro   0x0001ede8       0x10 ./Core/Src/cs43l22.o
 .debug_macro   0x0001edf8       0x58 ./Core/Src/cs43l22.o
 .debug_macro   0x0001ee50       0x8e ./Core/Src/cs43l22.o
 .debug_macro   0x0001eede       0x1c ./Core/Src/cs43l22.o
 .debug_macro   0x0001eefa      0x185 ./Core/Src/cs43l22.o
 .debug_macro   0x0001f07f       0x16 ./Core/Src/cs43l22.o
 .debug_macro   0x0001f095       0x16 ./Core/Src/cs43l22.o
 .debug_macro   0x0001f0ab      0x146 ./Core/Src/cs43l22.o
 .debug_macro   0x0001f1f1      0x2cd ./Core/Src/main.o
 .debug_macro   0x0001f4be      0x19b ./Core/Src/main.o
 .debug_macro   0x0001f659      0x1f2 ./Core/Src/stm32f4xx_hal_msp.o
 .debug_macro   0x0001f84b      0x1fc ./Core/Src/stm32f4xx_it.o
 .debug_macro   0x0001fa47      0x1e3 ./Core/Src/system_stm32f4xx.o
 .debug_macro   0x0001fc2a      0x243 ./Drivers/STM32F4xx_HAL_Driver/stm32f4xx_hal.o
 .debug_macro   0x0001fe6d      0x1e3 ./Drivers/STM32F4xx_HAL_Driver/stm32f4xx_hal_cortex.o
 .debug_macro   0x00020050      0x1e9 ./Drivers/STM32F4xx_HAL_Driver/stm32f4xx_hal_dma.o
 .debug_macro   0x00020239      0x1e9 ./Drivers/STM32F4xx_HAL_Driver/stm32f4xx_hal_gpio.o
 .debug_macro   0x00020422      0x231 ./Drivers/STM32F4xx_HAL_Driver/stm32f4xx_hal_i2c.o
 .debug_macro   0x00020653      0x1eb ./Drivers/STM32F4xx_HAL_Driver/stm32f4xx_hal_i2s.o
 .debug_macro   0x0002083e      0x1e3 ./Drivers/STM32F4xx_HAL_Driver/stm32f4xx_hal_i2s_ex.o
 .debug_macro   0x00020a21      0x207 ./Drivers/STM32F4xx_HAL_Driver/stm32f4xx_hal_rcc.o
 .debug_macro   0x00020c28      0x1e3 ./Drivers/STM32F4xx_HAL_Driver/stm32f4xx_hal_rcc_ex.o

.debug_line     0x00000000     0xea7c
 .debug_line    0x00000000      0xc03 ./Core/Src/cs43l22.o
 .debug_line    0x00000c03      0xb96 ./Core/Src/main.o
 .debug_line    0x00001799      0x941 ./Core/Src/stm32f4xx_hal_msp.o
 .debug_line    0x000020da      0x922 ./Core/Src/stm32f4xx_it.o
 .debug_line    0x000029fc      0x8b9 ./Core/Src/system_stm32f4xx.o
 .debug_line    0x000032b5       0x7a ./Core/Startup/startup_stm32f407vgtx.o
 .debug_line    0x0000332f      0xb6e ./Drivers/STM32F4xx_HAL_Driver/stm32f4xx_hal.o
 .debug_line    0x00003e9d      0xe3e ./Drivers/STM32F4xx_HAL_Driver/stm32f4xx_hal_cortex.o
 .debug_line    0x00004cdb     0x10da ./Drivers/STM32F4xx_HAL_Driver/stm32f4xx_hal_dma.o
 .debug_line    0x00005db5      0xcc6 ./Drivers/STM32F4xx_HAL_Driver/stm32f4xx_hal_gpio.o
 .debug_line    0x00006a7b     0x3c1b ./Drivers/STM32F4xx_HAL_Driver/stm32f4xx_hal_i2c.o
 .debug_line    0x0000a696     0x14c6 ./Drivers/STM32F4xx_HAL_Driver/stm32f4xx_hal_i2s.o
 .debug_line    0x0000bb5c     0x13c6 ./Drivers/STM32F4xx_HAL_Driver/stm32f4xx_hal_i2s_ex.o
 .debug_line    0x0000cf22      0xf7d ./Drivers/STM32F4xx_HAL_Driver/stm32f4xx_hal_rcc.o
 .debug_line    0x0000de9f      0xbdd ./Drivers/STM32F4xx_HAL_Driver/stm32f4xx_hal_rcc_ex.o

.debug_str      0x00000000    0xc57ea
 .debug_str     0x00000000    0xc57ea ./Core/Src/cs43l22.o
                              0xc247d (size before relaxing)
 .debug_str     0x000c57ea    0xc2a64 ./Core/Src/main.o
 .debug_str     0x000c57ea    0xbee50 ./Core/Src/stm32f4xx_hal_msp.o
 .debug_str     0x000c57ea    0xbe499 ./Core/Src/stm32f4xx_it.o
 .debug_str     0x000c57ea    0xbe0e7 ./Core/Src/system_stm32f4xx.o
 .debug_str     0x000c57ea       0x86 ./Core/Startup/startup_stm32f407vgtx.o
 .debug_str     0x000c57ea    0xbeca4 ./Drivers/STM32F4xx_HAL_Driver/stm32f4xx_hal.o
 .debug_str     0x000c57ea    0xbea20 ./Drivers/STM32F4xx_HAL_Driver/stm32f4xx_hal_cortex.o
 .debug_str     0x000c57ea    0xbe53a ./Drivers/STM32F4xx_HAL_Driver/stm32f4xx_hal_dma.o
 .debug_str     0x000c57ea    0xbe29b ./Drivers/STM32F4xx_HAL_Driver/stm32f4xx_hal_gpio.o
 .debug_str     0x000c57ea    0xbf13e ./Drivers/STM32F4xx_HAL_Driver/stm32f4xx_hal_i2c.o
 .debug_str     0x000c57ea    0xbe711 ./Drivers/STM32F4xx_HAL_Driver/stm32f4xx_hal_i2s.o
 .debug_str     0x000c57ea    0xbe613 ./Drivers/STM32F4xx_HAL_Driver/stm32f4xx_hal_i2s_ex.o
 .debug_str     0x000c57ea    0xbe554 ./Drivers/STM32F4xx_HAL_Driver/stm32f4xx_hal_rcc.o
 .debug_str     0x000c57ea    0xbe272 ./Drivers/STM32F4xx_HAL_Driver/stm32f4xx_hal_rcc_ex.o

.comment        0x00000000       0x43
 .comment       0x00000000       0x43 ./Core/Src/cs43l22.o
                                 0x44 (size before relaxing)
 .comment       0x00000043       0x44 ./Core/Src/main.o
 .comment       0x00000043       0x44 ./Core/Src/stm32f4xx_hal_msp.o
 .comment       0x00000043       0x44 ./Core/Src/stm32f4xx_it.o
 .comment       0x00000043       0x44 ./Core/Src/system_stm32f4xx.o
 .comment       0x00000043       0x44 ./Drivers/STM32F4xx_HAL_Driver/stm32f4xx_hal.o
 .comment       0x00000043       0x44 ./Drivers/STM32F4xx_HAL_Driver/stm32f4xx_hal_cortex.o
 .comment       0x00000043       0x44 ./Drivers/STM32F4xx_HAL_Driver/stm32f4xx_hal_dma.o
 .comment       0x00000043       0x44 ./Drivers/STM32F4xx_HAL_Driver/stm32f4xx_hal_gpio.o
 .comment       0x00000043       0x44 ./Drivers/STM32F4xx_HAL_Driver/stm32f4xx_hal_i2c.o
 .comment       0x00000043       0x44 ./Drivers/STM32F4xx_HAL_Driver/stm32f4xx_hal_i2s.o
 .comment       0x00000043       0x44 ./Drivers/STM32F4xx_HAL_Driver/stm32f4xx_hal_i2s_ex.o
 .comment       0x00000043       0x44 ./Drivers/STM32F4xx_HAL_Driver/stm32f4xx_hal_rcc.o
 .comment       0x00000043       0x44 ./Drivers/STM32F4xx_HAL_Driver/stm32f4xx_hal_rcc_ex.o

.debug_frame    0x00000000     0x2c24
 .debug_frame   0x00000000      0x200 ./Core/Src/cs43l22.o
 .debug_frame   0x00000200      0x130 ./Core/Src/main.o
 .debug_frame   0x00000330       0xc4 ./Core/Src/stm32f4xx_hal_msp.o
 .debug_frame   0x000003f4      0x13c ./Core/Src/stm32f4xx_it.o
 .debug_frame   0x00000530       0x58 ./Core/Src/system_stm32f4xx.o
 .debug_frame   0x00000588      0x374 ./Drivers/STM32F4xx_HAL_Driver/stm32f4xx_hal.o
 .debug_frame   0x000008fc      0x508 ./Drivers/STM32F4xx_HAL_Driver/stm32f4xx_hal_cortex.o
 .debug_frame   0x00000e04      0x250 ./Drivers/STM32F4xx_HAL_Driver/stm32f4xx_hal_dma.o
 .debug_frame   0x00001054      0x14c ./Drivers/STM32F4xx_HAL_Driver/stm32f4xx_hal_gpio.o
 .debug_frame   0x000011a0      0xc84 ./Drivers/STM32F4xx_HAL_Driver/stm32f4xx_hal_i2c.o
 .debug_frame   0x00001e24      0x484 ./Drivers/STM32F4xx_HAL_Driver/stm32f4xx_hal_i2s.o
 .debug_frame   0x000022a8      0x220 ./Drivers/STM32F4xx_HAL_Driver/stm32f4xx_hal_i2s_ex.o
 .debug_frame   0x000024c8      0x1f4 ./Drivers/STM32F4xx_HAL_Driver/stm32f4xx_hal_rcc.o
 .debug_frame   0x000026bc       0xf0 ./Drivers/STM32F4xx_HAL_Driver/stm32f4xx_hal_rcc_ex.o
 .debug_frame   0x000027ac       0x20 C:/ST/STM32CubeIDE_1.19.0/STM32CubeIDE/plugins/com.st.stm32cube.ide.mcu.externaltools.gnu-tools-for-stm32.13.3.rel1.win32_1.0.0.202411081344/tools/bin/../lib/gcc/arm-none-eabi/13.3.1/../../../../arm-none-eabi/lib/thumb/v7e-m+fp/hard\libc_nano.a(libc_a-memset.o)
 .debug_frame   0x000027cc       0x2c C:/ST/STM32CubeIDE_1.19.0/STM32CubeIDE/plugins/com.st.stm32cube.ide.mcu.externaltools.gnu-tools-for-stm32.13.3.rel1.win32_1.0.0.202411081344/tools/bin/../lib/gcc/arm-none-eabi/13.3.1/../../../../arm-none-eabi/lib/thumb/v7e-m+fp/hard\libc_nano.a(libc_a-init.o)
 .debug_frame   0x000027f8       0x38 C:/ST/STM32CubeIDE_1.19.0/STM32CubeIDE/plugins/com.st.stm32cube.ide.mcu.externaltools.gnu-tools-for-stm32.13.3.rel1.win32_1.0.0.202411081344/tools/bin/../lib/gcc/arm-none-eabi/13.3.1/../../../../arm-none-eabi/lib/thumb/v7e-m+fp/hard\libm.a(libm_a-s_sin.o)
 .debug_frame   0x00002830       0x3c C:/ST/STM32CubeIDE_1.19.0/STM32CubeIDE/plugins/com.st.stm32cube.ide.mcu.externaltools.gnu-tools-for-stm32.13.3.rel1.win32_1.0.0.202411081344/tools/bin/../lib/gcc/arm-none-eabi/13.3.1/../../../../arm-none-eabi/lib/thumb/v7e-m+fp/hard\libm.a(libm_a-k_cos.o)
 .debug_frame   0x0000286c       0x40 C:/ST/STM32CubeIDE_1.19.0/STM32CubeIDE/plugins/com.st.stm32cube.ide.mcu.externaltools.gnu-tools-for-stm32.13.3.rel1.win32_1.0.0.202411081344/tools/bin/../lib/gcc/arm-none-eabi/13.3.1/../../../../arm-none-eabi/lib/thumb/v7e-m+fp/hard\libm.a(libm_a-k_sin.o)
 .debug_frame   0x000028ac       0x40 C:/ST/STM32CubeIDE_1.19.0/STM32CubeIDE/plugins/com.st.stm32cube.ide.mcu.externaltools.gnu-tools-for-stm32.13.3.rel1.win32_1.0.0.202411081344/tools/bin/../lib/gcc/arm-none-eabi/13.3.1/../../../../arm-none-eabi/lib/thumb/v7e-m+fp/hard\libm.a(libm_a-e_rem_pio2.o)
 .debug_frame   0x000028ec       0x20 C:/ST/STM32CubeIDE_1.19.0/STM32CubeIDE/plugins/com.st.stm32cube.ide.mcu.externaltools.gnu-tools-for-stm32.13.3.rel1.win32_1.0.0.202411081344/tools/bin/../lib/gcc/arm-none-eabi/13.3.1/../../../../arm-none-eabi/lib/thumb/v7e-m+fp/hard\libm.a(libm_a-s_fabs.o)
 .debug_frame   0x0000290c       0x54 C:/ST/STM32CubeIDE_1.19.0/STM32CubeIDE/plugins/com.st.stm32cube.ide.mcu.externaltools.gnu-tools-for-stm32.13.3.rel1.win32_1.0.0.202411081344/tools/bin/../lib/gcc/arm-none-eabi/13.3.1/../../../../arm-none-eabi/lib/thumb/v7e-m+fp/hard\libm.a(libm_a-k_rem_pio2.o)
 .debug_frame   0x00002960       0x2c C:/ST/STM32CubeIDE_1.19.0/STM32CubeIDE/plugins/com.st.stm32cube.ide.mcu.externaltools.gnu-tools-for-stm32.13.3.rel1.win32_1.0.0.202411081344/tools/bin/../lib/gcc/arm-none-eabi/13.3.1/../../../../arm-none-eabi/lib/thumb/v7e-m+fp/hard\libm.a(libm_a-s_scalbn.o)
 .debug_frame   0x0000298c       0x30 C:/ST/STM32CubeIDE_1.19.0/STM32CubeIDE/plugins/com.st.stm32cube.ide.mcu.externaltools.gnu-tools-for-stm32.13.3.rel1.win32_1.0.0.202411081344/tools/bin/../lib/gcc/arm-none-eabi/13.3.1/../../../../arm-none-eabi/lib/thumb/v7e-m+fp/hard\libm.a(libm_a-s_floor.o)
 .debug_frame   0x000029bc       0xac C:/ST/STM32CubeIDE_1.19.0/STM32CubeIDE/plugins/com.st.stm32cube.ide.mcu.externaltools.gnu-tools-for-stm32.13.3.rel1.win32_1.0.0.202411081344/tools/bin/../lib/gcc/arm-none-eabi/13.3.1/thumb/v7e-m+fp/hard\libgcc.a(_arm_addsubdf3.o)
 .debug_frame   0x00002a68       0x50 C:/ST/STM32CubeIDE_1.19.0/STM32CubeIDE/plugins/com.st.stm32cube.ide.mcu.externaltools.gnu-tools-for-stm32.13.3.rel1.win32_1.0.0.202411081344/tools/bin/../lib/gcc/arm-none-eabi/13.3.1/thumb/v7e-m+fp/hard\libgcc.a(_arm_muldivdf3.o)
 .debug_frame   0x00002ab8       0xc4 C:/ST/STM32CubeIDE_1.19.0/STM32CubeIDE/plugins/com.st.stm32cube.ide.mcu.externaltools.gnu-tools-for-stm32.13.3.rel1.win32_1.0.0.202411081344/tools/bin/../lib/gcc/arm-none-eabi/13.3.1/thumb/v7e-m+fp/hard\libgcc.a(_arm_cmpdf2.o)
 .debug_frame   0x00002b7c       0x24 C:/ST/STM32CubeIDE_1.19.0/STM32CubeIDE/plugins/com.st.stm32cube.ide.mcu.externaltools.gnu-tools-for-stm32.13.3.rel1.win32_1.0.0.202411081344/tools/bin/../lib/gcc/arm-none-eabi/13.3.1/thumb/v7e-m+fp/hard\libgcc.a(_arm_fixdfsi.o)
 .debug_frame   0x00002ba0       0x24 C:/ST/STM32CubeIDE_1.19.0/STM32CubeIDE/plugins/com.st.stm32cube.ide.mcu.externaltools.gnu-tools-for-stm32.13.3.rel1.win32_1.0.0.202411081344/tools/bin/../lib/gcc/arm-none-eabi/13.3.1/thumb/v7e-m+fp/hard\libgcc.a(_arm_fixunsdfsi.o)
 .debug_frame   0x00002bc4       0x2c C:/ST/STM32CubeIDE_1.19.0/STM32CubeIDE/plugins/com.st.stm32cube.ide.mcu.externaltools.gnu-tools-for-stm32.13.3.rel1.win32_1.0.0.202411081344/tools/bin/../lib/gcc/arm-none-eabi/13.3.1/thumb/v7e-m+fp/hard\libgcc.a(_aeabi_uldivmod.o)
 .debug_frame   0x00002bf0       0x34 C:/ST/STM32CubeIDE_1.19.0/STM32CubeIDE/plugins/com.st.stm32cube.ide.mcu.externaltools.gnu-tools-for-stm32.13.3.rel1.win32_1.0.0.202411081344/tools/bin/../lib/gcc/arm-none-eabi/13.3.1/thumb/v7e-m+fp/hard\libgcc.a(_udivmoddi4.o)

.debug_line_str
                0x00000000       0x6a
 .debug_line_str
                0x00000000       0x6a ./Core/Startup/startup_stm32f407vgtx.o
