../Core/Src/main.c:149:5:main	8	static
../Core/Src/main.c:206:6:SystemClock_Config	88	static
../Core/Src/main.c:253:13:MX_I2C1_Init	8	static
../Core/Src/main.c:287:13:MX_I2S3_Init	8	static
../Core/Src/main.c:319:13:MX_DMA_Init	16	static
../Core/Src/main.c:337:13:MX_GPIO_Init	48	static
../Core/Src/main.c:366:6:GenerateSineWaveTable	24	static
../Core/Src/main.c:375:6:FillDMABuffer	40	static
../Core/Src/main.c:410:6:HAL_I2S_TxHalfCpltCallback	24	static
../Core/Src/main.c:439:6:HAL_I2S_TxCpltCallback	24	static
../Core/Src/main.c:473:6:Error_Handler	4	static,ignoring_inline_asm
